Aug 29 00:00:57 lazyengineer kernel: [14400.555063] rfkill: input handler enabled
Aug 29 21:49:26 lazyengineer kernel: [    0.000000] microcode: microcode updated early to revision 0xa4, date = 2022-02-01
Aug 29 21:49:26 lazyengineer kernel: [    0.000000] Linux version 5.15.0-46-generic (buildd@lcy02-amd64-007) (gcc (Ubuntu 9.4.0-1ubuntu1~20.04.1) 9.4.0, GNU ld (GNU Binutils for Ubuntu) 2.34) #49~20.04.1-Ubuntu SMP Thu Aug 4 19:15:44 UTC 2022 (Ubuntu 5.15.0-46.49~20.04.1-generic 5.15.39)
Aug 29 21:49:26 lazyengineer kernel: [    0.000000] Command line: BOOT_IMAGE=/boot/vmlinuz-5.15.0-46-generic root=UUID=0d54c45d-2914-424a-867d-cb6b7ad24110 ro quiet splash vt.handoff=7
Aug 29 21:49:26 lazyengineer kernel: [    0.000000] KERNEL supported cpus:
Aug 29 21:49:26 lazyengineer kernel: [    0.000000]   Intel GenuineIntel
Aug 29 21:49:26 lazyengineer kernel: [    0.000000]   AMD AuthenticAMD
Aug 29 21:49:26 lazyengineer kernel: [    0.000000]   Hygon HygonGenuine
Aug 29 21:49:26 lazyengineer kernel: [    0.000000]   Centaur CentaurHauls
Aug 29 21:49:26 lazyengineer kernel: [    0.000000]   zhaoxin   Shanghai  
Aug 29 21:49:26 lazyengineer kernel: [    0.000000] x86/split lock detection: #AC: crashing the kernel on kernel split_locks and warning on user-space split_locks
Aug 29 21:49:26 lazyengineer kernel: [    0.000000] x86/fpu: Supporting XSAVE feature 0x001: 'x87 floating point registers'
Aug 29 21:49:26 lazyengineer kernel: [    0.000000] x86/fpu: Supporting XSAVE feature 0x002: 'SSE registers'
Aug 29 21:49:26 lazyengineer kernel: [    0.000000] x86/fpu: Supporting XSAVE feature 0x004: 'AVX registers'
Aug 29 21:49:26 lazyengineer kernel: [    0.000000] x86/fpu: Supporting XSAVE feature 0x020: 'AVX-512 opmask'
Aug 29 21:49:26 lazyengineer kernel: [    0.000000] x86/fpu: Supporting XSAVE feature 0x040: 'AVX-512 Hi256'
Aug 29 21:49:26 lazyengineer kernel: [    0.000000] x86/fpu: Supporting XSAVE feature 0x080: 'AVX-512 ZMM_Hi256'
Aug 29 21:49:26 lazyengineer kernel: [    0.000000] x86/fpu: Supporting XSAVE feature 0x200: 'Protection Keys User registers'
Aug 29 21:49:26 lazyengineer kernel: [    0.000000] x86/fpu: xstate_offset[2]:  576, xstate_sizes[2]:  256
Aug 29 21:49:26 lazyengineer kernel: [    0.000000] x86/fpu: xstate_offset[5]:  832, xstate_sizes[5]:   64
Aug 29 21:49:26 lazyengineer kernel: [    0.000000] x86/fpu: xstate_offset[6]:  896, xstate_sizes[6]:  512
Aug 29 21:49:26 lazyengineer kernel: [    0.000000] x86/fpu: xstate_offset[7]: 1408, xstate_sizes[7]: 1024
Aug 29 21:49:26 lazyengineer kernel: [    0.000000] x86/fpu: xstate_offset[9]: 2432, xstate_sizes[9]:    8
Aug 29 21:49:26 lazyengineer kernel: [    0.000000] x86/fpu: Enabled xstate features 0x2e7, context size is 2440 bytes, using 'compacted' format.
Aug 29 21:49:26 lazyengineer kernel: [    0.000000] signal: max sigframe size: 3632
Aug 29 21:49:26 lazyengineer kernel: [    0.000000] BIOS-provided physical RAM map:
Aug 29 21:49:26 lazyengineer kernel: [    0.000000] BIOS-e820: [mem 0x0000000000000000-0x000000000009efff] usable
Aug 29 21:49:26 lazyengineer kernel: [    0.000000] BIOS-e820: [mem 0x000000000009f000-0x00000000000fffff] reserved
Aug 29 21:49:26 lazyengineer kernel: [    0.000000] BIOS-e820: [mem 0x0000000000100000-0x0000000061a82fff] usable
Aug 29 21:49:26 lazyengineer kernel: [    0.000000] BIOS-e820: [mem 0x0000000061a83000-0x0000000064b82fff] reserved
Aug 29 21:49:26 lazyengineer kernel: [    0.000000] BIOS-e820: [mem 0x0000000064b83000-0x0000000064c4efff] ACPI data
Aug 29 21:49:26 lazyengineer kernel: [    0.000000] BIOS-e820: [mem 0x0000000064c4f000-0x0000000064d05fff] ACPI NVS
Aug 29 21:49:26 lazyengineer kernel: [    0.000000] BIOS-e820: [mem 0x0000000064d06000-0x0000000067efefff] reserved
Aug 29 21:49:26 lazyengineer kernel: [    0.000000] BIOS-e820: [mem 0x0000000067eff000-0x0000000067efffff] usable
Aug 29 21:49:26 lazyengineer kernel: [    0.000000] BIOS-e820: [mem 0x0000000067f00000-0x000000006dffffff] reserved
Aug 29 21:49:26 lazyengineer kernel: [    0.000000] BIOS-e820: [mem 0x000000006e900000-0x000000006e9fffff] reserved
Aug 29 21:49:26 lazyengineer kernel: [    0.000000] BIOS-e820: [mem 0x000000006f000000-0x00000000743fffff] reserved
Aug 29 21:49:26 lazyengineer kernel: [    0.000000] BIOS-e820: [mem 0x00000000c0000000-0x00000000cfffffff] reserved
Aug 29 21:49:26 lazyengineer kernel: [    0.000000] BIOS-e820: [mem 0x00000000fe000000-0x00000000fe010fff] reserved
Aug 29 21:49:26 lazyengineer kernel: [    0.000000] BIOS-e820: [mem 0x00000000fec00000-0x00000000fec00fff] reserved
Aug 29 21:49:26 lazyengineer kernel: [    0.000000] BIOS-e820: [mem 0x00000000fed00000-0x00000000fed00fff] reserved
Aug 29 21:49:26 lazyengineer kernel: [    0.000000] BIOS-e820: [mem 0x00000000fed20000-0x00000000fed7ffff] reserved
Aug 29 21:49:26 lazyengineer kernel: [    0.000000] BIOS-e820: [mem 0x00000000fee00000-0x00000000fee00fff] reserved
Aug 29 21:49:26 lazyengineer kernel: [    0.000000] BIOS-e820: [mem 0x00000000ff000000-0x00000000ffffffff] reserved
Aug 29 21:49:26 lazyengineer kernel: [    0.000000] BIOS-e820: [mem 0x0000000100000000-0x000000028bbfffff] usable
Aug 29 21:49:26 lazyengineer kernel: [    0.000000] NX (Execute Disable) protection: active
Aug 29 21:49:26 lazyengineer kernel: [    0.000000] efi: EFI v2.70 by American Megatrends
Aug 29 21:49:26 lazyengineer kernel: [    0.000000] efi: ACPI=0x64c4e000 ACPI 2.0=0x64c4e014 TPMFinalLog=0x64c93000 SMBIOS=0x67ca7000 SMBIOS 3.0=0x67ca6000 MEMATTR=0x5e9e9098 ESRT=0x60252e18 MOKvar=0x5d801000 RNG=0x67caab98 TPMEventLog=0x5c534018 
Aug 29 21:49:26 lazyengineer kernel: [    0.000000] efi: seeding entropy pool
Aug 29 21:49:26 lazyengineer kernel: [    0.000000] random: fast init done
Aug 29 21:49:26 lazyengineer kernel: [    0.000000] secureboot: Secure boot disabled
Aug 29 21:49:26 lazyengineer kernel: [    0.000000] SMBIOS 3.3.0 present.
Aug 29 21:49:26 lazyengineer kernel: [    0.000000] DMI: Micro-Star International Co., Ltd. Modern 14 B11MOL/MS-14D3, BIOS E14D3IMS.10F 06/04/2021
Aug 29 21:49:26 lazyengineer kernel: [    0.000000] tsc: Detected 2400.000 MHz processor
Aug 29 21:49:26 lazyengineer kernel: [    0.000000] tsc: Detected 2419.200 MHz TSC
Aug 29 21:49:26 lazyengineer kernel: [    0.001021] e820: update [mem 0x00000000-0x00000fff] usable ==> reserved
Aug 29 21:49:26 lazyengineer kernel: [    0.001023] e820: remove [mem 0x000a0000-0x000fffff] usable
Aug 29 21:49:26 lazyengineer kernel: [    0.001029] last_pfn = 0x28bc00 max_arch_pfn = 0x400000000
Aug 29 21:49:26 lazyengineer kernel: [    0.001206] x86/PAT: Configuration [0-7]: WB  WC  UC- UC  WB  WP  UC- WT  
Aug 29 21:49:26 lazyengineer kernel: [    0.002186] last_pfn = 0x67f00 max_arch_pfn = 0x400000000
Aug 29 21:49:26 lazyengineer kernel: [    0.025877] esrt: Reserving ESRT space from 0x0000000060252e18 to 0x0000000060252ea0.
Aug 29 21:49:26 lazyengineer kernel: [    0.025881] e820: update [mem 0x60252000-0x60252fff] usable ==> reserved
Aug 29 21:49:26 lazyengineer kernel: [    0.025891] e820: update [mem 0x5d801000-0x5d801fff] usable ==> reserved
Aug 29 21:49:26 lazyengineer kernel: [    0.025904] Using GB pages for direct mapping
Aug 29 21:49:26 lazyengineer kernel: [    0.026217] secureboot: Secure boot disabled
Aug 29 21:49:26 lazyengineer kernel: [    0.026218] RAMDISK: [mem 0x33768000-0x379f3fff]
Aug 29 21:49:26 lazyengineer kernel: [    0.026222] ACPI: Early table checksum verification disabled
Aug 29 21:49:26 lazyengineer kernel: [    0.026226] ACPI: RSDP 0x0000000064C4E014 000024 (v02 MSI_NB)
Aug 29 21:49:26 lazyengineer kernel: [    0.026229] ACPI: XSDT 0x0000000064C4D728 0000FC (v01 MSI_NB MEGABOOK 01072009 AMI  01000013)
Aug 29 21:49:26 lazyengineer kernel: [    0.026233] ACPI: FACP 0x0000000064C48000 000114 (v06 MSI_NB MEGABOOK 01072009 AMI  00010013)
Aug 29 21:49:26 lazyengineer kernel: [    0.026237] ACPI: DSDT 0x0000000064BEF000 05858C (v02 MSI_NB MEGABOOK 01072009 INTL 20191018)
Aug 29 21:49:26 lazyengineer kernel: [    0.026240] ACPI: FACS 0x0000000064D04000 000040
Aug 29 21:49:26 lazyengineer kernel: [    0.026242] ACPI: MCFG 0x0000000064C4C000 00003C (v01 MSI_NB MEGABOOK 01072009 MSFT 00000097)
Aug 29 21:49:26 lazyengineer kernel: [    0.026244] ACPI: SSDT 0x0000000064C49000 0025CF (v02 CpuRef CpuSsdt  00003000 INTL 20191018)
Aug 29 21:49:26 lazyengineer kernel: [    0.026247] ACPI: FIDT 0x0000000064BEE000 00009C (v01 MSI_NB MEGABOOK 01072009 AMI  00010013)
Aug 29 21:49:26 lazyengineer kernel: [    0.026249] ACPI: MSDM 0x0000000064BED000 000055 (v03 MSI_NB MEGABOOK 01072009 AMI  01000013)
Aug 29 21:49:26 lazyengineer kernel: [    0.026251] ACPI: SLIC 0x0000000064BEC000 000176 (v01 MSI_NB MEGABOOK 01072009 AMI  01000013)
Aug 29 21:49:26 lazyengineer kernel: [    0.026253] ACPI: SSDT 0x0000000064BE8000 003D51 (v02 DptfTb DptfTabl 00001000 INTL 20191018)
Aug 29 21:49:26 lazyengineer kernel: [    0.026256] ACPI: SSDT 0x0000000064BE6000 0017E9 (v02 SaSsdt SaSsdt   00003000 INTL 20191018)
Aug 29 21:49:26 lazyengineer kernel: [    0.026258] ACPI: SSDT 0x0000000064BE2000 003350 (v02 INTEL  IgfxSsdt 00003000 INTL 20191018)
Aug 29 21:49:26 lazyengineer kernel: [    0.026261] ACPI: SSDT 0x0000000064BD6000 00B192 (v02 INTEL  TcssSsdt 00001000 INTL 20191018)
Aug 29 21:49:26 lazyengineer kernel: [    0.026263] ACPI: HPET 0x0000000064BD5000 000038 (v01 MSI_NB MEGABOOK 01072009 AMI  01000013)
Aug 29 21:49:26 lazyengineer kernel: [    0.026265] ACPI: APIC 0x0000000064BD4000 00012C (v04 MSI_NB MEGABOOK 01072009 AMI  01000013)
Aug 29 21:49:26 lazyengineer kernel: [    0.026268] ACPI: SSDT 0x0000000064BCD000 006F0E (v02 MSI_NB TglU_Rvp 00001000 INTL 20191018)
Aug 29 21:49:26 lazyengineer kernel: [    0.026270] ACPI: NHLT 0x0000000064BCB000 001B50 (v00 MSI_NB MEGABOOK 01072009 AMI  01000013)
Aug 29 21:49:26 lazyengineer kernel: [    0.026272] ACPI: LPIT 0x0000000064BCA000 0000CC (v01 MSI_NB MEGABOOK 01072009 AMI  01000013)
Aug 29 21:49:26 lazyengineer kernel: [    0.026275] ACPI: SSDT 0x0000000064BC6000 002720 (v02 MSI_NB PtidDevc 00001000 INTL 20191018)
Aug 29 21:49:26 lazyengineer kernel: [    0.026277] ACPI: SSDT 0x0000000064BC5000 00012A (v02 MSI_NB TbtTypeC 00000000 INTL 20191018)
Aug 29 21:49:26 lazyengineer kernel: [    0.026279] ACPI: DBGP 0x0000000064BC4000 000034 (v01 MSI_NB MEGABOOK 01072009 AMI  01000013)
Aug 29 21:49:26 lazyengineer kernel: [    0.026282] ACPI: DBG2 0x0000000064BC3000 000054 (v00 MSI_NB MEGABOOK 01072009 AMI  01000013)
Aug 29 21:49:26 lazyengineer kernel: [    0.026284] ACPI: DMAR 0x0000000064BC2000 000088 (v02 INTEL  EDK2     00000002      01000013)
Aug 29 21:49:26 lazyengineer kernel: [    0.026286] ACPI: SSDT 0x0000000064BC1000 00082F (v02 INTEL  xh_tudd4 00000000 INTL 20191018)
Aug 29 21:49:26 lazyengineer kernel: [    0.026289] ACPI: SSDT 0x0000000064BC0000 000144 (v02 Intel  ADebTabl 00001000 INTL 20191018)
Aug 29 21:49:26 lazyengineer kernel: [    0.026291] ACPI: BGRT 0x0000000064BBF000 000038 (v01 MSI_NB MEGABOOK 01072009 AMI  00010013)
Aug 29 21:49:26 lazyengineer kernel: [    0.026293] ACPI: TPM2 0x0000000064BBE000 00004C (v04 MSI_NB MEGABOOK 00000001 AMI  00000000)
Aug 29 21:49:26 lazyengineer kernel: [    0.026296] ACPI: PTDT 0x0000000064BBD000 000CFE (v00 MSI_NB MEGABOOK 00000005 MSFT 0100000D)
Aug 29 21:49:26 lazyengineer kernel: [    0.026298] ACPI: WSMT 0x0000000064BC9000 000028 (v01 MSI_NB MEGABOOK 01072009 AMI  00010013)
Aug 29 21:49:26 lazyengineer kernel: [    0.026300] ACPI: FPDT 0x0000000064BBC000 000044 (v01 MSI_NB A M I    01072009 AMI  01000013)
Aug 29 21:49:26 lazyengineer kernel: [    0.026302] ACPI: Reserving FACP table memory at [mem 0x64c48000-0x64c48113]
Aug 29 21:49:26 lazyengineer kernel: [    0.026303] ACPI: Reserving DSDT table memory at [mem 0x64bef000-0x64c4758b]
Aug 29 21:49:26 lazyengineer kernel: [    0.026304] ACPI: Reserving FACS table memory at [mem 0x64d04000-0x64d0403f]
Aug 29 21:49:26 lazyengineer kernel: [    0.026305] ACPI: Reserving MCFG table memory at [mem 0x64c4c000-0x64c4c03b]
Aug 29 21:49:26 lazyengineer kernel: [    0.026305] ACPI: Reserving SSDT table memory at [mem 0x64c49000-0x64c4b5ce]
Aug 29 21:49:26 lazyengineer kernel: [    0.026306] ACPI: Reserving FIDT table memory at [mem 0x64bee000-0x64bee09b]
Aug 29 21:49:26 lazyengineer kernel: [    0.026306] ACPI: Reserving MSDM table memory at [mem 0x64bed000-0x64bed054]
Aug 29 21:49:26 lazyengineer kernel: [    0.026307] ACPI: Reserving SLIC table memory at [mem 0x64bec000-0x64bec175]
Aug 29 21:49:26 lazyengineer kernel: [    0.026308] ACPI: Reserving SSDT table memory at [mem 0x64be8000-0x64bebd50]
Aug 29 21:49:26 lazyengineer kernel: [    0.026308] ACPI: Reserving SSDT table memory at [mem 0x64be6000-0x64be77e8]
Aug 29 21:49:26 lazyengineer kernel: [    0.026309] ACPI: Reserving SSDT table memory at [mem 0x64be2000-0x64be534f]
Aug 29 21:49:26 lazyengineer kernel: [    0.026309] ACPI: Reserving SSDT table memory at [mem 0x64bd6000-0x64be1191]
Aug 29 21:49:26 lazyengineer kernel: [    0.026310] ACPI: Reserving HPET table memory at [mem 0x64bd5000-0x64bd5037]
Aug 29 21:49:26 lazyengineer kernel: [    0.026311] ACPI: Reserving APIC table memory at [mem 0x64bd4000-0x64bd412b]
Aug 29 21:49:26 lazyengineer kernel: [    0.026311] ACPI: Reserving SSDT table memory at [mem 0x64bcd000-0x64bd3f0d]
Aug 29 21:49:26 lazyengineer kernel: [    0.026312] ACPI: Reserving NHLT table memory at [mem 0x64bcb000-0x64bccb4f]
Aug 29 21:49:26 lazyengineer kernel: [    0.026312] ACPI: Reserving LPIT table memory at [mem 0x64bca000-0x64bca0cb]
Aug 29 21:49:26 lazyengineer kernel: [    0.026313] ACPI: Reserving SSDT table memory at [mem 0x64bc6000-0x64bc871f]
Aug 29 21:49:26 lazyengineer kernel: [    0.026314] ACPI: Reserving SSDT table memory at [mem 0x64bc5000-0x64bc5129]
Aug 29 21:49:26 lazyengineer kernel: [    0.026314] ACPI: Reserving DBGP table memory at [mem 0x64bc4000-0x64bc4033]
Aug 29 21:49:26 lazyengineer kernel: [    0.026315] ACPI: Reserving DBG2 table memory at [mem 0x64bc3000-0x64bc3053]
Aug 29 21:49:26 lazyengineer kernel: [    0.026315] ACPI: Reserving DMAR table memory at [mem 0x64bc2000-0x64bc2087]
Aug 29 21:49:26 lazyengineer kernel: [    0.026316] ACPI: Reserving SSDT table memory at [mem 0x64bc1000-0x64bc182e]
Aug 29 21:49:26 lazyengineer kernel: [    0.026317] ACPI: Reserving SSDT table memory at [mem 0x64bc0000-0x64bc0143]
Aug 29 21:49:26 lazyengineer kernel: [    0.026317] ACPI: Reserving BGRT table memory at [mem 0x64bbf000-0x64bbf037]
Aug 29 21:49:26 lazyengineer kernel: [    0.026318] ACPI: Reserving TPM2 table memory at [mem 0x64bbe000-0x64bbe04b]
Aug 29 21:49:26 lazyengineer kernel: [    0.026318] ACPI: Reserving PTDT table memory at [mem 0x64bbd000-0x64bbdcfd]
Aug 29 21:49:26 lazyengineer kernel: [    0.026319] ACPI: Reserving WSMT table memory at [mem 0x64bc9000-0x64bc9027]
Aug 29 21:49:26 lazyengineer kernel: [    0.026320] ACPI: Reserving FPDT table memory at [mem 0x64bbc000-0x64bbc043]
Aug 29 21:49:26 lazyengineer kernel: [    0.026831] No NUMA configuration found
Aug 29 21:49:26 lazyengineer kernel: [    0.026831] Faking a node at [mem 0x0000000000000000-0x000000028bbfffff]
Aug 29 21:49:26 lazyengineer kernel: [    0.026837] NODE_DATA(0) allocated [mem 0x28bbd6000-0x28bbfffff]
Aug 29 21:49:26 lazyengineer kernel: [    0.026972] Zone ranges:
Aug 29 21:49:26 lazyengineer kernel: [    0.026973]   DMA      [mem 0x0000000000001000-0x0000000000ffffff]
Aug 29 21:49:26 lazyengineer kernel: [    0.026974]   DMA32    [mem 0x0000000001000000-0x00000000ffffffff]
Aug 29 21:49:26 lazyengineer kernel: [    0.026975]   Normal   [mem 0x0000000100000000-0x000000028bbfffff]
Aug 29 21:49:26 lazyengineer kernel: [    0.026976]   Device   empty
Aug 29 21:49:26 lazyengineer kernel: [    0.026977] Movable zone start for each node
Aug 29 21:49:26 lazyengineer kernel: [    0.026979] Early memory node ranges
Aug 29 21:49:26 lazyengineer kernel: [    0.026980]   node   0: [mem 0x0000000000001000-0x000000000009efff]
Aug 29 21:49:26 lazyengineer kernel: [    0.026981]   node   0: [mem 0x0000000000100000-0x0000000061a82fff]
Aug 29 21:49:26 lazyengineer kernel: [    0.026981]   node   0: [mem 0x0000000067eff000-0x0000000067efffff]
Aug 29 21:49:26 lazyengineer kernel: [    0.026982]   node   0: [mem 0x0000000100000000-0x000000028bbfffff]
Aug 29 21:49:26 lazyengineer kernel: [    0.026983] Initmem setup node 0 [mem 0x0000000000001000-0x000000028bbfffff]
Aug 29 21:49:26 lazyengineer kernel: [    0.026986] On node 0, zone DMA: 1 pages in unavailable ranges
Aug 29 21:49:26 lazyengineer kernel: [    0.027001] On node 0, zone DMA: 97 pages in unavailable ranges
Aug 29 21:49:26 lazyengineer kernel: [    0.029577] On node 0, zone DMA32: 25724 pages in unavailable ranges
Aug 29 21:49:26 lazyengineer kernel: [    0.040454] On node 0, zone Normal: 256 pages in unavailable ranges
Aug 29 21:49:26 lazyengineer kernel: [    0.040572] On node 0, zone Normal: 17408 pages in unavailable ranges
Aug 29 21:49:26 lazyengineer kernel: [    0.040630] Reserving Intel graphics memory at [mem 0x70800000-0x743fffff]
Aug 29 21:49:26 lazyengineer kernel: [    0.041713] ACPI: PM-Timer IO Port: 0x1808
Aug 29 21:49:26 lazyengineer kernel: [    0.041719] ACPI: LAPIC_NMI (acpi_id[0x01] high edge lint[0x1])
Aug 29 21:49:26 lazyengineer kernel: [    0.041720] ACPI: LAPIC_NMI (acpi_id[0x02] high edge lint[0x1])
Aug 29 21:49:26 lazyengineer kernel: [    0.041720] ACPI: LAPIC_NMI (acpi_id[0x03] high edge lint[0x1])
Aug 29 21:49:26 lazyengineer kernel: [    0.041721] ACPI: LAPIC_NMI (acpi_id[0x04] high edge lint[0x1])
Aug 29 21:49:26 lazyengineer kernel: [    0.041722] ACPI: LAPIC_NMI (acpi_id[0x05] high edge lint[0x1])
Aug 29 21:49:26 lazyengineer kernel: [    0.041722] ACPI: LAPIC_NMI (acpi_id[0x06] high edge lint[0x1])
Aug 29 21:49:26 lazyengineer kernel: [    0.041723] ACPI: LAPIC_NMI (acpi_id[0x07] high edge lint[0x1])
Aug 29 21:49:26 lazyengineer kernel: [    0.041723] ACPI: LAPIC_NMI (acpi_id[0x08] high edge lint[0x1])
Aug 29 21:49:26 lazyengineer kernel: [    0.041724] ACPI: LAPIC_NMI (acpi_id[0x09] high edge lint[0x1])
Aug 29 21:49:26 lazyengineer kernel: [    0.041724] ACPI: LAPIC_NMI (acpi_id[0x0a] high edge lint[0x1])
Aug 29 21:49:26 lazyengineer kernel: [    0.041725] ACPI: LAPIC_NMI (acpi_id[0x0b] high edge lint[0x1])
Aug 29 21:49:26 lazyengineer kernel: [    0.041725] ACPI: LAPIC_NMI (acpi_id[0x0c] high edge lint[0x1])
Aug 29 21:49:26 lazyengineer kernel: [    0.041726] ACPI: LAPIC_NMI (acpi_id[0x0d] high edge lint[0x1])
Aug 29 21:49:26 lazyengineer kernel: [    0.041726] ACPI: LAPIC_NMI (acpi_id[0x0e] high edge lint[0x1])
Aug 29 21:49:26 lazyengineer kernel: [    0.041727] ACPI: LAPIC_NMI (acpi_id[0x0f] high edge lint[0x1])
Aug 29 21:49:26 lazyengineer kernel: [    0.041727] ACPI: LAPIC_NMI (acpi_id[0x10] high edge lint[0x1])
Aug 29 21:49:26 lazyengineer kernel: [    0.041846] IOAPIC[0]: apic_id 2, version 32, address 0xfec00000, GSI 0-119
Aug 29 21:49:26 lazyengineer kernel: [    0.041848] ACPI: INT_SRC_OVR (bus 0 bus_irq 0 global_irq 2 dfl dfl)
Aug 29 21:49:26 lazyengineer kernel: [    0.041849] ACPI: INT_SRC_OVR (bus 0 bus_irq 9 global_irq 9 high level)
Aug 29 21:49:26 lazyengineer kernel: [    0.041852] ACPI: Using ACPI (MADT) for SMP configuration information
Aug 29 21:49:26 lazyengineer kernel: [    0.041853] ACPI: HPET id: 0x8086a201 base: 0xfed00000
Aug 29 21:49:26 lazyengineer kernel: [    0.041858] e820: update [mem 0x5c303000-0x5c3f6fff] usable ==> reserved
Aug 29 21:49:26 lazyengineer kernel: [    0.041867] TSC deadline timer available
Aug 29 21:49:26 lazyengineer kernel: [    0.041868] smpboot: Allowing 8 CPUs, 0 hotplug CPUs
Aug 29 21:49:26 lazyengineer kernel: [    0.041880] PM: hibernation: Registered nosave memory: [mem 0x00000000-0x00000fff]
Aug 29 21:49:26 lazyengineer kernel: [    0.041882] PM: hibernation: Registered nosave memory: [mem 0x0009f000-0x000fffff]
Aug 29 21:49:26 lazyengineer kernel: [    0.041883] PM: hibernation: Registered nosave memory: [mem 0x5c303000-0x5c3f6fff]
Aug 29 21:49:26 lazyengineer kernel: [    0.041884] PM: hibernation: Registered nosave memory: [mem 0x5d801000-0x5d801fff]
Aug 29 21:49:26 lazyengineer kernel: [    0.041885] PM: hibernation: Registered nosave memory: [mem 0x60252000-0x60252fff]
Aug 29 21:49:26 lazyengineer kernel: [    0.041886] PM: hibernation: Registered nosave memory: [mem 0x61a83000-0x64b82fff]
Aug 29 21:49:26 lazyengineer kernel: [    0.041887] PM: hibernation: Registered nosave memory: [mem 0x64b83000-0x64c4efff]
Aug 29 21:49:26 lazyengineer kernel: [    0.041887] PM: hibernation: Registered nosave memory: [mem 0x64c4f000-0x64d05fff]
Aug 29 21:49:26 lazyengineer kernel: [    0.041888] PM: hibernation: Registered nosave memory: [mem 0x64d06000-0x67efefff]
Aug 29 21:49:26 lazyengineer kernel: [    0.041889] PM: hibernation: Registered nosave memory: [mem 0x67f00000-0x6dffffff]
Aug 29 21:49:26 lazyengineer kernel: [    0.041889] PM: hibernation: Registered nosave memory: [mem 0x6e000000-0x6e8fffff]
Aug 29 21:49:26 lazyengineer kernel: [    0.041890] PM: hibernation: Registered nosave memory: [mem 0x6e900000-0x6e9fffff]
Aug 29 21:49:26 lazyengineer kernel: [    0.041890] PM: hibernation: Registered nosave memory: [mem 0x6ea00000-0x6effffff]
Aug 29 21:49:26 lazyengineer kernel: [    0.041891] PM: hibernation: Registered nosave memory: [mem 0x6f000000-0x743fffff]
Aug 29 21:49:26 lazyengineer kernel: [    0.041891] PM: hibernation: Registered nosave memory: [mem 0x74400000-0xbfffffff]
Aug 29 21:49:26 lazyengineer kernel: [    0.041892] PM: hibernation: Registered nosave memory: [mem 0xc0000000-0xcfffffff]
Aug 29 21:49:26 lazyengineer kernel: [    0.041892] PM: hibernation: Registered nosave memory: [mem 0xd0000000-0xfdffffff]
Aug 29 21:49:26 lazyengineer kernel: [    0.041893] PM: hibernation: Registered nosave memory: [mem 0xfe000000-0xfe010fff]
Aug 29 21:49:26 lazyengineer kernel: [    0.041893] PM: hibernation: Registered nosave memory: [mem 0xfe011000-0xfebfffff]
Aug 29 21:49:26 lazyengineer kernel: [    0.041894] PM: hibernation: Registered nosave memory: [mem 0xfec00000-0xfec00fff]
Aug 29 21:49:26 lazyengineer kernel: [    0.041894] PM: hibernation: Registered nosave memory: [mem 0xfec01000-0xfecfffff]
Aug 29 21:49:26 lazyengineer kernel: [    0.041895] PM: hibernation: Registered nosave memory: [mem 0xfed00000-0xfed00fff]
Aug 29 21:49:26 lazyengineer kernel: [    0.041895] PM: hibernation: Registered nosave memory: [mem 0xfed01000-0xfed1ffff]
Aug 29 21:49:26 lazyengineer kernel: [    0.041896] PM: hibernation: Registered nosave memory: [mem 0xfed20000-0xfed7ffff]
Aug 29 21:49:26 lazyengineer kernel: [    0.041896] PM: hibernation: Registered nosave memory: [mem 0xfed80000-0xfedfffff]
Aug 29 21:49:26 lazyengineer kernel: [    0.041896] PM: hibernation: Registered nosave memory: [mem 0xfee00000-0xfee00fff]
Aug 29 21:49:26 lazyengineer kernel: [    0.041897] PM: hibernation: Registered nosave memory: [mem 0xfee01000-0xfeffffff]
Aug 29 21:49:26 lazyengineer kernel: [    0.041897] PM: hibernation: Registered nosave memory: [mem 0xff000000-0xffffffff]
Aug 29 21:49:26 lazyengineer kernel: [    0.041899] [mem 0x74400000-0xbfffffff] available for PCI devices
Aug 29 21:49:26 lazyengineer kernel: [    0.041899] Booting paravirtualized kernel on bare hardware
Aug 29 21:49:26 lazyengineer kernel: [    0.041901] clocksource: refined-jiffies: mask: 0xffffffff max_cycles: 0xffffffff, max_idle_ns: 7645519600211568 ns
Aug 29 21:49:26 lazyengineer kernel: [    0.041906] setup_percpu: NR_CPUS:8192 nr_cpumask_bits:8 nr_cpu_ids:8 nr_node_ids:1
Aug 29 21:49:26 lazyengineer kernel: [    0.042081] percpu: Embedded 60 pages/cpu s208896 r8192 d28672 u262144
Aug 29 21:49:26 lazyengineer kernel: [    0.042086] pcpu-alloc: s208896 r8192 d28672 u262144 alloc=1*2097152
Aug 29 21:49:26 lazyengineer kernel: [    0.042088] pcpu-alloc: [0] 0 1 2 3 4 5 6 7 
Aug 29 21:49:26 lazyengineer kernel: [    0.042107] Built 1 zonelists, mobility grouping on.  Total pages: 1989161
Aug 29 21:49:26 lazyengineer kernel: [    0.042109] Policy zone: Normal
Aug 29 21:49:26 lazyengineer kernel: [    0.042110] Kernel command line: BOOT_IMAGE=/boot/vmlinuz-5.15.0-46-generic root=UUID=0d54c45d-2914-424a-867d-cb6b7ad24110 ro quiet splash vt.handoff=7
Aug 29 21:49:26 lazyengineer kernel: [    0.042172] Unknown kernel command line parameters "splash BOOT_IMAGE=/boot/vmlinuz-5.15.0-46-generic", will be passed to user space.
Aug 29 21:49:26 lazyengineer kernel: [    0.042505] Dentry cache hash table entries: 1048576 (order: 11, 8388608 bytes, linear)
Aug 29 21:49:26 lazyengineer kernel: [    0.042683] Inode-cache hash table entries: 524288 (order: 10, 4194304 bytes, linear)
Aug 29 21:49:26 lazyengineer kernel: [    0.042755] mem auto-init: stack:off, heap alloc:on, heap free:off
Aug 29 21:49:26 lazyengineer kernel: [    0.068147] Memory: 7694828K/8083592K available (16393K kernel code, 4377K rwdata, 10780K rodata, 3220K init, 6584K bss, 388504K reserved, 0K cma-reserved)
Aug 29 21:49:26 lazyengineer kernel: [    0.068151] random: get_random_u64 called from __kmem_cache_create+0x2f/0x490 with crng_init=1
Aug 29 21:49:26 lazyengineer kernel: [    0.068296] SLUB: HWalign=64, Order=0-3, MinObjects=0, CPUs=8, Nodes=1
Aug 29 21:49:26 lazyengineer kernel: [    0.068310] ftrace: allocating 49977 entries in 196 pages
Aug 29 21:49:26 lazyengineer kernel: [    0.084949] ftrace: allocated 196 pages with 3 groups
Aug 29 21:49:26 lazyengineer kernel: [    0.085031] rcu: Hierarchical RCU implementation.
Aug 29 21:49:26 lazyengineer kernel: [    0.085032] rcu: 	RCU restricting CPUs from NR_CPUS=8192 to nr_cpu_ids=8.
Aug 29 21:49:26 lazyengineer kernel: [    0.085033] 	Rude variant of Tasks RCU enabled.
Aug 29 21:49:26 lazyengineer kernel: [    0.085033] 	Tracing variant of Tasks RCU enabled.
Aug 29 21:49:26 lazyengineer kernel: [    0.085034] rcu: RCU calculated value of scheduler-enlistment delay is 25 jiffies.
Aug 29 21:49:26 lazyengineer kernel: [    0.085034] rcu: Adjusting geometry for rcu_fanout_leaf=16, nr_cpu_ids=8
Aug 29 21:49:26 lazyengineer kernel: [    0.087829] NR_IRQS: 524544, nr_irqs: 2048, preallocated irqs: 16
Aug 29 21:49:26 lazyengineer kernel: [    0.088845] random: crng done (trusting CPU's manufacturer)
Aug 29 21:49:26 lazyengineer kernel: [    0.088870] Console: colour dummy device 80x25
Aug 29 21:49:26 lazyengineer kernel: [    0.088879] printk: console [tty0] enabled
Aug 29 21:49:26 lazyengineer kernel: [    0.088895] ACPI: Core revision 20210730
Aug 29 21:49:26 lazyengineer kernel: [    0.089118] hpet: HPET dysfunctional in PC10. Force disabled.
Aug 29 21:49:26 lazyengineer kernel: [    0.089119] APIC: Switch to symmetric I/O mode setup
Aug 29 21:49:26 lazyengineer kernel: [    0.089120] DMAR: Host address width 39
Aug 29 21:49:26 lazyengineer kernel: [    0.089121] DMAR: DRHD base: 0x000000fed90000 flags: 0x0
Aug 29 21:49:26 lazyengineer kernel: [    0.089125] DMAR: dmar0: reg_base_addr fed90000 ver 4:0 cap 1c0000c40660462 ecap 69e2ff0505e
Aug 29 21:49:26 lazyengineer kernel: [    0.089126] DMAR: DRHD base: 0x000000fed91000 flags: 0x1
Aug 29 21:49:26 lazyengineer kernel: [    0.089130] DMAR: dmar1: reg_base_addr fed91000 ver 1:0 cap d2008c40660462 ecap f050da
Aug 29 21:49:26 lazyengineer kernel: [    0.089133] DMAR: RMRR base: 0x00000070000000 end: 0x000000743fffff
Aug 29 21:49:26 lazyengineer kernel: [    0.089135] DMAR-IR: IOAPIC id 2 under DRHD base  0xfed91000 IOMMU 1
Aug 29 21:49:26 lazyengineer kernel: [    0.089136] DMAR-IR: HPET id 0 under DRHD base 0xfed91000
Aug 29 21:49:26 lazyengineer kernel: [    0.089137] DMAR-IR: Queued invalidation will be enabled to support x2apic and Intr-remapping.
Aug 29 21:49:26 lazyengineer kernel: [    0.094427] DMAR-IR: Enabled IRQ remapping in x2apic mode
Aug 29 21:49:26 lazyengineer kernel: [    0.094429] x2apic enabled
Aug 29 21:49:26 lazyengineer kernel: [    0.094518] Switched APIC routing to cluster x2apic.
Aug 29 21:49:26 lazyengineer kernel: [    0.108995] clocksource: tsc-early: mask: 0xffffffffffffffff max_cycles: 0x22df1149949, max_idle_ns: 440795312789 ns
Aug 29 21:49:26 lazyengineer kernel: [    0.109002] Calibrating delay loop (skipped), value calculated using timer frequency.. 4838.40 BogoMIPS (lpj=9676800)
Aug 29 21:49:26 lazyengineer kernel: [    0.109004] pid_max: default: 32768 minimum: 301
Aug 29 21:49:26 lazyengineer kernel: [    0.111087] LSM: Security Framework initializing
Aug 29 21:49:26 lazyengineer kernel: [    0.111095] landlock: Up and running.
Aug 29 21:49:26 lazyengineer kernel: [    0.111096] Yama: becoming mindful.
Aug 29 21:49:26 lazyengineer kernel: [    0.111114] AppArmor: AppArmor initialized
Aug 29 21:49:26 lazyengineer kernel: [    0.111156] Mount-cache hash table entries: 16384 (order: 5, 131072 bytes, linear)
Aug 29 21:49:26 lazyengineer kernel: [    0.111169] Mountpoint-cache hash table entries: 16384 (order: 5, 131072 bytes, linear)
Aug 29 21:49:26 lazyengineer kernel: [    0.111365] CPU0: Thermal monitoring enabled (TM1)
Aug 29 21:49:26 lazyengineer kernel: [    0.111366] x86/cpu: User Mode Instruction Prevention (UMIP) activated
Aug 29 21:49:26 lazyengineer kernel: [    0.111498] process: using mwait in idle threads
Aug 29 21:49:26 lazyengineer kernel: [    0.111499] Last level iTLB entries: 4KB 0, 2MB 0, 4MB 0
Aug 29 21:49:26 lazyengineer kernel: [    0.111500] Last level dTLB entries: 4KB 0, 2MB 0, 4MB 0, 1GB 0
Aug 29 21:49:26 lazyengineer kernel: [    0.111502] Spectre V1 : Mitigation: usercopy/swapgs barriers and __user pointer sanitization
Aug 29 21:49:26 lazyengineer kernel: [    0.111504] Spectre V2 : Mitigation: Enhanced IBRS
Aug 29 21:49:26 lazyengineer kernel: [    0.111504] Spectre V2 : Spectre v2 / SpectreRSB mitigation: Filling RSB on context switch
Aug 29 21:49:26 lazyengineer kernel: [    0.111505] Spectre V2 : mitigation: Enabling conditional Indirect Branch Prediction Barrier
Aug 29 21:49:26 lazyengineer kernel: [    0.111507] Speculative Store Bypass: Mitigation: Speculative Store Bypass disabled via prctl and seccomp
Aug 29 21:49:26 lazyengineer kernel: [    0.112998] Freeing SMP alternatives memory: 40K
Aug 29 21:49:26 lazyengineer kernel: [    0.112998] smpboot: Estimated ratio of average max frequency by base frequency (times 1024): 1621
Aug 29 21:49:26 lazyengineer kernel: [    0.112998] smpboot: CPU0: 11th Gen Intel(R) Core(TM) i5-1135G7 @ 2.40GHz (family: 0x6, model: 0x8c, stepping: 0x1)
Aug 29 21:49:26 lazyengineer kernel: [    0.112998] Performance Events: PEBS fmt4+-baseline,  AnyThread deprecated, Icelake events, 32-deep LBR, full-width counters, Intel PMU driver.
Aug 29 21:49:26 lazyengineer kernel: [    0.112998] ... version:                5
Aug 29 21:49:26 lazyengineer kernel: [    0.112998] ... bit width:              48
Aug 29 21:49:26 lazyengineer kernel: [    0.112998] ... generic registers:      8
Aug 29 21:49:26 lazyengineer kernel: [    0.112998] ... value mask:             0000ffffffffffff
Aug 29 21:49:26 lazyengineer kernel: [    0.112998] ... max period:             00007fffffffffff
Aug 29 21:49:26 lazyengineer kernel: [    0.112998] ... fixed-purpose events:   4
Aug 29 21:49:26 lazyengineer kernel: [    0.112998] ... event mask:             0001000f000000ff
Aug 29 21:49:26 lazyengineer kernel: [    0.112998] rcu: Hierarchical SRCU implementation.
Aug 29 21:49:26 lazyengineer kernel: [    0.112998] NMI watchdog: Enabled. Permanently consumes one hw-PMU counter.
Aug 29 21:49:26 lazyengineer kernel: [    0.112998] smp: Bringing up secondary CPUs ...
Aug 29 21:49:26 lazyengineer kernel: [    0.112998] x86: Booting SMP configuration:
Aug 29 21:49:26 lazyengineer kernel: [    0.112998] .... node  #0, CPUs:      #1 #2 #3 #4 #5 #6 #7
Aug 29 21:49:26 lazyengineer kernel: [    0.121559] smp: Brought up 1 node, 8 CPUs
Aug 29 21:49:26 lazyengineer kernel: [    0.121559] smpboot: Max logical packages: 1
Aug 29 21:49:26 lazyengineer kernel: [    0.121559] smpboot: Total of 8 processors activated (38707.20 BogoMIPS)
Aug 29 21:49:26 lazyengineer kernel: [    0.125280] devtmpfs: initialized
Aug 29 21:49:26 lazyengineer kernel: [    0.125280] x86/mm: Memory block size: 128MB
Aug 29 21:49:26 lazyengineer kernel: [    0.125379] ACPI: PM: Registering ACPI NVS region [mem 0x64c4f000-0x64d05fff] (749568 bytes)
Aug 29 21:49:26 lazyengineer kernel: [    0.125379] clocksource: jiffies: mask: 0xffffffff max_cycles: 0xffffffff, max_idle_ns: 7645041785100000 ns
Aug 29 21:49:26 lazyengineer kernel: [    0.125379] futex hash table entries: 2048 (order: 5, 131072 bytes, linear)
Aug 29 21:49:26 lazyengineer kernel: [    0.125379] pinctrl core: initialized pinctrl subsystem
Aug 29 21:49:26 lazyengineer kernel: [    0.125650] PM: RTC time: 15:49:23, date: 2022-08-29
Aug 29 21:49:26 lazyengineer kernel: [    0.125756] NET: Registered PF_NETLINK/PF_ROUTE protocol family
Aug 29 21:49:26 lazyengineer kernel: [    0.125874] DMA: preallocated 1024 KiB GFP_KERNEL pool for atomic allocations
Aug 29 21:49:26 lazyengineer kernel: [    0.125942] DMA: preallocated 1024 KiB GFP_KERNEL|GFP_DMA pool for atomic allocations
Aug 29 21:49:26 lazyengineer kernel: [    0.125999] DMA: preallocated 1024 KiB GFP_KERNEL|GFP_DMA32 pool for atomic allocations
Aug 29 21:49:26 lazyengineer kernel: [    0.126003] audit: initializing netlink subsys (disabled)
Aug 29 21:49:26 lazyengineer kernel: [    0.126008] audit: type=2000 audit(1661788163.016:1): state=initialized audit_enabled=0 res=1
Aug 29 21:49:26 lazyengineer kernel: [    0.126008] thermal_sys: Registered thermal governor 'fair_share'
Aug 29 21:49:26 lazyengineer kernel: [    0.126008] thermal_sys: Registered thermal governor 'bang_bang'
Aug 29 21:49:26 lazyengineer kernel: [    0.126008] thermal_sys: Registered thermal governor 'step_wise'
Aug 29 21:49:26 lazyengineer kernel: [    0.126008] thermal_sys: Registered thermal governor 'user_space'
Aug 29 21:49:26 lazyengineer kernel: [    0.126008] thermal_sys: Registered thermal governor 'power_allocator'
Aug 29 21:49:26 lazyengineer kernel: [    0.126008] EISA bus registered
Aug 29 21:49:26 lazyengineer kernel: [    0.126008] cpuidle: using governor ladder
Aug 29 21:49:26 lazyengineer kernel: [    0.126008] cpuidle: using governor menu
Aug 29 21:49:26 lazyengineer kernel: [    0.126008] ACPI: bus type PCI registered
Aug 29 21:49:26 lazyengineer kernel: [    0.126008] acpiphp: ACPI Hot Plug PCI Controller Driver version: 0.5
Aug 29 21:49:26 lazyengineer kernel: [    0.126008] PCI: MMCONFIG for domain 0000 [bus 00-ff] at [mem 0xc0000000-0xcfffffff] (base 0xc0000000)
Aug 29 21:49:26 lazyengineer kernel: [    0.126008] PCI: MMCONFIG at [mem 0xc0000000-0xcfffffff] reserved in E820
Aug 29 21:49:26 lazyengineer kernel: [    0.126008] PCI: Using configuration type 1 for base access
Aug 29 21:49:26 lazyengineer kernel: [    0.126008] ENERGY_PERF_BIAS: Set to 'normal', was 'performance'
Aug 29 21:49:26 lazyengineer kernel: [    0.126008] Kprobes globally optimized
Aug 29 21:49:26 lazyengineer kernel: [    0.126008] HugeTLB registered 1.00 GiB page size, pre-allocated 0 pages
Aug 29 21:49:26 lazyengineer kernel: [    0.126008] HugeTLB registered 2.00 MiB page size, pre-allocated 0 pages
Aug 29 21:49:26 lazyengineer kernel: [    0.129049] ACPI: Added _OSI(Module Device)
Aug 29 21:49:26 lazyengineer kernel: [    0.129050] ACPI: Added _OSI(Processor Device)
Aug 29 21:49:26 lazyengineer kernel: [    0.129051] ACPI: Added _OSI(3.0 _SCP Extensions)
Aug 29 21:49:26 lazyengineer kernel: [    0.129051] ACPI: Added _OSI(Processor Aggregator Device)
Aug 29 21:49:26 lazyengineer kernel: [    0.129052] ACPI: Added _OSI(Linux-Dell-Video)
Aug 29 21:49:26 lazyengineer kernel: [    0.129053] ACPI: Added _OSI(Linux-Lenovo-NV-HDMI-Audio)
Aug 29 21:49:26 lazyengineer kernel: [    0.129054] ACPI: Added _OSI(Linux-HPI-Hybrid-Graphics)
Aug 29 21:49:26 lazyengineer kernel: [    0.188049] ACPI BIOS Error (bug): Failure creating named object [\_SB.PC00.PEG0.PEGP._DSD], AE_ALREADY_EXISTS (20210730/dswload2-326)
Aug 29 21:49:26 lazyengineer kernel: [    0.188056] fbcon: Taking over console
Aug 29 21:49:26 lazyengineer kernel: [    0.188063] ACPI Error: AE_ALREADY_EXISTS, During name lookup/catalog (20210730/psobject-220)
Aug 29 21:49:26 lazyengineer kernel: [    0.188066] ACPI: Skipping parse of AML opcode: Method (0x0014)
Aug 29 21:49:26 lazyengineer kernel: [    0.191128] ACPI: 11 ACPI AML tables successfully acquired and loaded
Aug 29 21:49:26 lazyengineer kernel: [    0.201691] ACPI: Dynamic OEM Table Load:
Aug 29 21:49:26 lazyengineer kernel: [    0.201698] ACPI: SSDT 0xFFFF89A4802F0400 0001B8 (v02 PmRef  Cpu0Psd  00003000 INTL 20191018)
Aug 29 21:49:26 lazyengineer kernel: [    0.202561] ACPI: \_SB_.PR00: _OSC native thermal LVT Acked
Aug 29 21:49:26 lazyengineer kernel: [    0.204590] ACPI: Dynamic OEM Table Load:
Aug 29 21:49:26 lazyengineer kernel: [    0.204594] ACPI: SSDT 0xFFFF89A48121C400 000394 (v02 PmRef  Cpu0Cst  00003001 INTL 20191018)
Aug 29 21:49:26 lazyengineer kernel: [    0.205580] ACPI: Dynamic OEM Table Load:
Aug 29 21:49:26 lazyengineer kernel: [    0.205584] ACPI: SSDT 0xFFFF89A481246000 0005C3 (v02 PmRef  Cpu0Ist  00003000 INTL 20191018)
Aug 29 21:49:26 lazyengineer kernel: [    0.206628] ACPI: Dynamic OEM Table Load:
Aug 29 21:49:26 lazyengineer kernel: [    0.206632] ACPI: SSDT 0xFFFF89A4802F2C00 000128 (v02 PmRef  Cpu0Hwp  00003000 INTL 20191018)
Aug 29 21:49:26 lazyengineer kernel: [    0.207761] ACPI: Dynamic OEM Table Load:
Aug 29 21:49:26 lazyengineer kernel: [    0.207766] ACPI: SSDT 0xFFFF89A480079000 0008E7 (v02 PmRef  ApIst    00003000 INTL 20191018)
Aug 29 21:49:26 lazyengineer kernel: [    0.208880] ACPI: Dynamic OEM Table Load:
Aug 29 21:49:26 lazyengineer kernel: [    0.208884] ACPI: SSDT 0xFFFF89A481244000 00048A (v02 PmRef  ApHwp    00003000 INTL 20191018)
Aug 29 21:49:26 lazyengineer kernel: [    0.209920] ACPI: Dynamic OEM Table Load:
Aug 29 21:49:26 lazyengineer kernel: [    0.209924] ACPI: SSDT 0xFFFF89A481247800 0004D2 (v02 PmRef  ApPsd    00003000 INTL 20191018)
Aug 29 21:49:26 lazyengineer kernel: [    0.210942] ACPI: Dynamic OEM Table Load:
Aug 29 21:49:26 lazyengineer kernel: [    0.210946] ACPI: SSDT 0xFFFF89A481243000 00048A (v02 PmRef  ApCst    00003000 INTL 20191018)
Aug 29 21:49:26 lazyengineer kernel: [    0.215500] ACPI: EC: EC started
Aug 29 21:49:26 lazyengineer kernel: [    0.215501] ACPI: EC: interrupt blocked
Aug 29 21:49:26 lazyengineer kernel: [    0.223243] ACPI: EC: EC_CMD/EC_SC=0x66, EC_DATA=0x62
Aug 29 21:49:26 lazyengineer kernel: [    0.223245] ACPI: \_SB_.PC00.LPCB.EC__: Boot DSDT EC used to handle transactions
Aug 29 21:49:26 lazyengineer kernel: [    0.223246] ACPI: Interpreter enabled
Aug 29 21:49:26 lazyengineer kernel: [    0.223285] ACPI: PM: (supports S0 S3 S4 S5)
Aug 29 21:49:26 lazyengineer kernel: [    0.223286] ACPI: Using IOAPIC for interrupt routing
Aug 29 21:49:26 lazyengineer kernel: [    0.223320] PCI: Using host bridge windows from ACPI; if necessary, use "pci=nocrs" and report a bug
Aug 29 21:49:26 lazyengineer kernel: [    0.224998] ACPI: Enabled 7 GPEs in block 00 to 7F
Aug 29 21:49:26 lazyengineer kernel: [    0.226477] ACPI: PM: Power Resource [PXP]
Aug 29 21:49:26 lazyengineer kernel: [    0.351419] ACPI: PM: Power Resource [PXP]
Aug 29 21:49:26 lazyengineer kernel: [    0.352761] ACPI: PM: Power Resource [PXP]
Aug 29 21:49:26 lazyengineer kernel: [    0.362844] ACPI: PM: Power Resource [BTPR]
Aug 29 21:49:26 lazyengineer kernel: [    0.363797] ACPI: PM: Power Resource [PAUD]
Aug 29 21:49:26 lazyengineer kernel: [    0.366156] ACPI: PM: Power Resource [V0PR]
Aug 29 21:49:26 lazyengineer kernel: [    0.366267] ACPI: PM: Power Resource [V1PR]
Aug 29 21:49:26 lazyengineer kernel: [    0.366374] ACPI: PM: Power Resource [V2PR]
Aug 29 21:49:26 lazyengineer kernel: [    0.368476] ACPI: PM: Power Resource [PXTC]
Aug 29 21:49:26 lazyengineer kernel: [    0.369364] ACPI: PM: Power Resource [PTPL]
Aug 29 21:49:26 lazyengineer kernel: [    0.369638] ACPI: PM: Power Resource [PXTC]
Aug 29 21:49:26 lazyengineer kernel: [    0.369977] ACPI: PM: Power Resource [PXTC]
Aug 29 21:49:26 lazyengineer kernel: [    0.371674] ACPI: PM: Power Resource [WRST]
Aug 29 21:49:26 lazyengineer kernel: [    0.373792] ACPI: PM: Power Resource [TBT0]
Aug 29 21:49:26 lazyengineer kernel: [    0.373803] ACPI: PM: Power Resource [TBT1]
Aug 29 21:49:26 lazyengineer kernel: [    0.373814] ACPI: PM: Power Resource [D3C]
Aug 29 21:49:26 lazyengineer kernel: [    0.403743] ACPI: PM: Power Resource [PIN]
Aug 29 21:49:26 lazyengineer kernel: [    0.403997] ACPI: PCI Root Bridge [PC00] (domain 0000 [bus 00-fe])
Aug 29 21:49:26 lazyengineer kernel: [    0.404001] acpi PNP0A08:00: _OSC: OS supports [ExtendedConfig ASPM ClockPM Segments MSI EDR HPX-Type3]
Aug 29 21:49:26 lazyengineer kernel: [    0.408001] acpi PNP0A08:00: _OSC: platform does not support [AER]
Aug 29 21:49:26 lazyengineer kernel: [    0.415310] acpi PNP0A08:00: _OSC: OS now controls [PCIeHotplug SHPCHotplug PME PCIeCapability LTR DPC]
Aug 29 21:49:26 lazyengineer kernel: [    0.417852] PCI host bridge to bus 0000:00
Aug 29 21:49:26 lazyengineer kernel: [    0.417854] pci_bus 0000:00: root bus resource [bus 00-fe]
Aug 29 21:49:26 lazyengineer kernel: [    0.417856] pci_bus 0000:00: root bus resource [io  0x0000-0x0cf7 window]
Aug 29 21:49:26 lazyengineer kernel: [    0.417857] pci_bus 0000:00: root bus resource [io  0x0d00-0xffff window]
Aug 29 21:49:26 lazyengineer kernel: [    0.417858] pci_bus 0000:00: root bus resource [mem 0x000a0000-0x000bffff window]
Aug 29 21:49:26 lazyengineer kernel: [    0.417859] pci_bus 0000:00: root bus resource [mem 0x000e0000-0x000fffff window]
Aug 29 21:49:26 lazyengineer kernel: [    0.417860] pci_bus 0000:00: root bus resource [mem 0x74400000-0xbfffffff window]
Aug 29 21:49:26 lazyengineer kernel: [    0.417860] pci_bus 0000:00: root bus resource [mem 0x4000000000-0x7fffffffff window]
Aug 29 21:49:26 lazyengineer kernel: [    0.418172] pci 0000:00:00.0: [8086:9a14] type 00 class 0x060000
Aug 29 21:49:26 lazyengineer kernel: [    0.419048] pci 0000:00:02.0: [8086:9a49] type 00 class 0x030000
Aug 29 21:49:26 lazyengineer kernel: [    0.419055] pci 0000:00:02.0: reg 0x10: [mem 0x6000000000-0x6000ffffff 64bit]
Aug 29 21:49:26 lazyengineer kernel: [    0.419061] pci 0000:00:02.0: reg 0x18: [mem 0x4000000000-0x400fffffff 64bit pref]
Aug 29 21:49:26 lazyengineer kernel: [    0.419064] pci 0000:00:02.0: reg 0x20: [io  0x3000-0x303f]
Aug 29 21:49:26 lazyengineer kernel: [    0.419078] pci 0000:00:02.0: BAR 2: assigned to efifb
Aug 29 21:49:26 lazyengineer kernel: [    0.419079] pci 0000:00:02.0: DMAR: Skip IOMMU disabling for graphics
Aug 29 21:49:26 lazyengineer kernel: [    0.419081] pci 0000:00:02.0: Video device with shadowed ROM at [mem 0x000c0000-0x000dffff]
Aug 29 21:49:26 lazyengineer kernel: [    0.419105] pci 0000:00:02.0: reg 0x344: [mem 0x00000000-0x00ffffff 64bit]
Aug 29 21:49:26 lazyengineer kernel: [    0.419106] pci 0000:00:02.0: VF(n) BAR0 space: [mem 0x00000000-0x06ffffff 64bit] (contains BAR0 for 7 VFs)
Aug 29 21:49:26 lazyengineer kernel: [    0.419110] pci 0000:00:02.0: reg 0x34c: [mem 0x00000000-0x1fffffff 64bit pref]
Aug 29 21:49:26 lazyengineer kernel: [    0.419111] pci 0000:00:02.0: VF(n) BAR2 space: [mem 0x00000000-0xdfffffff 64bit pref] (contains BAR2 for 7 VFs)
Aug 29 21:49:26 lazyengineer kernel: [    0.419600] pci 0000:00:04.0: [8086:9a03] type 00 class 0x118000
Aug 29 21:49:26 lazyengineer kernel: [    0.419615] pci 0000:00:04.0: reg 0x10: [mem 0x6001100000-0x600111ffff 64bit]
Aug 29 21:49:26 lazyengineer kernel: [    0.420250] pci 0000:00:06.0: [8086:9a09] type 01 class 0x060400
Aug 29 21:49:26 lazyengineer kernel: [    0.420339] pci 0000:00:06.0: PME# supported from D0 D3hot D3cold
Aug 29 21:49:26 lazyengineer kernel: [    0.420378] pci 0000:00:06.0: PTM enabled (root), 4ns granularity
Aug 29 21:49:26 lazyengineer kernel: [    0.421284] pci 0000:00:08.0: [8086:9a11] type 00 class 0x088000
Aug 29 21:49:26 lazyengineer kernel: [    0.421291] pci 0000:00:08.0: reg 0x10: [mem 0x6001158000-0x6001158fff 64bit]
Aug 29 21:49:26 lazyengineer kernel: [    0.421570] pci 0000:00:0a.0: [8086:9a0d] type 00 class 0x118000
Aug 29 21:49:26 lazyengineer kernel: [    0.421578] pci 0000:00:0a.0: reg 0x10: [mem 0x6001140000-0x6001147fff 64bit]
Aug 29 21:49:26 lazyengineer kernel: [    0.421598] pci 0000:00:0a.0: enabling Extended Tags
Aug 29 21:49:26 lazyengineer kernel: [    0.422223] pci 0000:00:0d.0: [8086:9a13] type 00 class 0x0c0330
Aug 29 21:49:26 lazyengineer kernel: [    0.422235] pci 0000:00:0d.0: reg 0x10: [mem 0x6001130000-0x600113ffff 64bit]
Aug 29 21:49:26 lazyengineer kernel: [    0.422288] pci 0000:00:0d.0: PME# supported from D3hot D3cold
Aug 29 21:49:26 lazyengineer kernel: [    0.424328] pci 0000:00:14.0: [8086:a0ed] type 00 class 0x0c0330
Aug 29 21:49:26 lazyengineer kernel: [    0.424351] pci 0000:00:14.0: reg 0x10: [mem 0x6001120000-0x600112ffff 64bit]
Aug 29 21:49:26 lazyengineer kernel: [    0.424452] pci 0000:00:14.0: PME# supported from D3hot D3cold
Aug 29 21:49:26 lazyengineer kernel: [    0.426114] pci 0000:00:14.2: [8086:a0ef] type 00 class 0x050000
Aug 29 21:49:26 lazyengineer kernel: [    0.426137] pci 0000:00:14.2: reg 0x10: [mem 0x6001150000-0x6001153fff 64bit]
Aug 29 21:49:26 lazyengineer kernel: [    0.426150] pci 0000:00:14.2: reg 0x18: [mem 0x6001157000-0x6001157fff 64bit]
Aug 29 21:49:26 lazyengineer kernel: [    0.427233] pci 0000:00:14.3: [8086:a0f0] type 00 class 0x028000
Aug 29 21:49:26 lazyengineer kernel: [    0.427650] pci 0000:00:14.3: reg 0x10: [mem 0x600114c000-0x600114ffff 64bit]
Aug 29 21:49:26 lazyengineer kernel: [    0.429743] pci 0000:00:14.3: PME# supported from D0 D3hot D3cold
Aug 29 21:49:26 lazyengineer kernel: [    0.431664] pci 0000:00:15.0: [8086:a0e8] type 00 class 0x0c8000
Aug 29 21:49:26 lazyengineer kernel: [    0.432457] pci 0000:00:15.0: reg 0x10: [mem 0x00000000-0x00000fff 64bit]
Aug 29 21:49:26 lazyengineer kernel: [    0.436326] pci 0000:00:16.0: [8086:a0e0] type 00 class 0x078000
Aug 29 21:49:26 lazyengineer kernel: [    0.436349] pci 0000:00:16.0: reg 0x10: [mem 0x6001155000-0x6001155fff 64bit]
Aug 29 21:49:26 lazyengineer kernel: [    0.436443] pci 0000:00:16.0: PME# supported from D3hot
Aug 29 21:49:26 lazyengineer kernel: [    0.437391] pci 0000:00:1f.0: [8086:a082] type 00 class 0x060100
Aug 29 21:49:26 lazyengineer kernel: [    0.438130] pci 0000:00:1f.3: [8086:a0c8] type 00 class 0x040100
Aug 29 21:49:26 lazyengineer kernel: [    0.438187] pci 0000:00:1f.3: reg 0x10: [mem 0x6001148000-0x600114bfff 64bit]
Aug 29 21:49:26 lazyengineer kernel: [    0.438258] pci 0000:00:1f.3: reg 0x20: [mem 0x6001000000-0x60010fffff 64bit]
Aug 29 21:49:26 lazyengineer kernel: [    0.438414] pci 0000:00:1f.3: PME# supported from D3hot D3cold
Aug 29 21:49:26 lazyengineer kernel: [    0.439180] pci 0000:00:1f.4: [8086:a0a3] type 00 class 0x0c0500
Aug 29 21:49:26 lazyengineer kernel: [    0.439209] pci 0000:00:1f.4: reg 0x10: [mem 0x6001154000-0x60011540ff 64bit]
Aug 29 21:49:26 lazyengineer kernel: [    0.439242] pci 0000:00:1f.4: reg 0x20: [io  0xefa0-0xefbf]
Aug 29 21:49:26 lazyengineer kernel: [    0.439706] pci 0000:00:1f.5: [8086:a0a4] type 00 class 0x0c8000
Aug 29 21:49:26 lazyengineer kernel: [    0.439725] pci 0000:00:1f.5: reg 0x10: [mem 0xfe010000-0xfe010fff]
Aug 29 21:49:26 lazyengineer kernel: [    0.440471] pci 0000:01:00.0: [2646:500c] type 00 class 0x010802
Aug 29 21:49:26 lazyengineer kernel: [    0.440514] pci 0000:01:00.0: reg 0x10: [mem 0x74400000-0x74403fff 64bit]
Aug 29 21:49:26 lazyengineer kernel: [    0.441062] pci 0000:00:06.0: PCI bridge to [bus 01]
Aug 29 21:49:26 lazyengineer kernel: [    0.441065] pci 0000:00:06.0:   bridge window [mem 0x74400000-0x744fffff]
Aug 29 21:49:26 lazyengineer kernel: [    0.449565] ACPI: PCI: Interrupt link LNKA configured for IRQ 0
Aug 29 21:49:26 lazyengineer kernel: [    0.449645] ACPI: PCI: Interrupt link LNKB configured for IRQ 1
Aug 29 21:49:26 lazyengineer kernel: [    0.449723] ACPI: PCI: Interrupt link LNKC configured for IRQ 0
Aug 29 21:49:26 lazyengineer kernel: [    0.449800] ACPI: PCI: Interrupt link LNKD configured for IRQ 0
Aug 29 21:49:26 lazyengineer kernel: [    0.449878] ACPI: PCI: Interrupt link LNKE configured for IRQ 0
Aug 29 21:49:26 lazyengineer kernel: [    0.449956] ACPI: PCI: Interrupt link LNKF configured for IRQ 0
Aug 29 21:49:26 lazyengineer kernel: [    0.450034] ACPI: PCI: Interrupt link LNKG configured for IRQ 0
Aug 29 21:49:26 lazyengineer kernel: [    0.450111] ACPI: PCI: Interrupt link LNKH configured for IRQ 0
Aug 29 21:49:26 lazyengineer kernel: [    0.474164] ACPI: EC: interrupt unblocked
Aug 29 21:49:26 lazyengineer kernel: [    0.474165] ACPI: EC: event unblocked
Aug 29 21:49:26 lazyengineer kernel: [    0.474199] ACPI: EC: EC_CMD/EC_SC=0x66, EC_DATA=0x62
Aug 29 21:49:26 lazyengineer kernel: [    0.474199] ACPI: EC: GPE=0x6e
Aug 29 21:49:26 lazyengineer kernel: [    0.474200] ACPI: \_SB_.PC00.LPCB.EC__: Boot DSDT EC initialization complete
Aug 29 21:49:26 lazyengineer kernel: [    0.474202] ACPI: \_SB_.PC00.LPCB.EC__: EC: Used to handle transactions and events
Aug 29 21:49:26 lazyengineer kernel: [    0.474268] iommu: Default domain type: Translated 
Aug 29 21:49:26 lazyengineer kernel: [    0.474268] iommu: DMA domain TLB invalidation policy: lazy mode 
Aug 29 21:49:26 lazyengineer kernel: [    0.474268] SCSI subsystem initialized
Aug 29 21:49:26 lazyengineer kernel: [    0.474268] libata version 3.00 loaded.
Aug 29 21:49:26 lazyengineer kernel: [    0.474268] pci 0000:00:02.0: vgaarb: setting as boot VGA device
Aug 29 21:49:26 lazyengineer kernel: [    0.474268] pci 0000:00:02.0: vgaarb: VGA device added: decodes=io+mem,owns=io+mem,locks=none
Aug 29 21:49:26 lazyengineer kernel: [    0.474268] pci 0000:00:02.0: vgaarb: bridge control possible
Aug 29 21:49:26 lazyengineer kernel: [    0.474268] vgaarb: loaded
Aug 29 21:49:26 lazyengineer kernel: [    0.474268] ACPI: bus type USB registered
Aug 29 21:49:26 lazyengineer kernel: [    0.474268] usbcore: registered new interface driver usbfs
Aug 29 21:49:26 lazyengineer kernel: [    0.474268] usbcore: registered new interface driver hub
Aug 29 21:49:26 lazyengineer kernel: [    0.474268] usbcore: registered new device driver usb
Aug 29 21:49:26 lazyengineer kernel: [    0.474268] pps_core: LinuxPPS API ver. 1 registered
Aug 29 21:49:26 lazyengineer kernel: [    0.474268] pps_core: Software ver. 5.3.6 - Copyright 2005-2007 Rodolfo Giometti <giometti@linux.it>
Aug 29 21:49:26 lazyengineer kernel: [    0.474268] PTP clock support registered
Aug 29 21:49:26 lazyengineer kernel: [    0.474268] EDAC MC: Ver: 3.0.0
Aug 29 21:49:26 lazyengineer kernel: [    0.474268] Registered efivars operations
Aug 29 21:49:26 lazyengineer kernel: [    0.474268] NetLabel: Initializing
Aug 29 21:49:26 lazyengineer kernel: [    0.474268] NetLabel:  domain hash size = 128
Aug 29 21:49:26 lazyengineer kernel: [    0.474268] NetLabel:  protocols = UNLABELED CIPSOv4 CALIPSO
Aug 29 21:49:26 lazyengineer kernel: [    0.474268] NetLabel:  unlabeled traffic allowed by default
Aug 29 21:49:26 lazyengineer kernel: [    0.474268] PCI: Using ACPI for IRQ routing
Aug 29 21:49:26 lazyengineer kernel: [    0.614310] PCI: pci_cache_line_size set to 64 bytes
Aug 29 21:49:26 lazyengineer kernel: [    0.614786] pci 0000:00:1f.5: can't claim BAR 0 [mem 0xfe010000-0xfe010fff]: no compatible bridge window
Aug 29 21:49:26 lazyengineer kernel: [    0.615258] e820: reserve RAM buffer [mem 0x0009f000-0x0009ffff]
Aug 29 21:49:26 lazyengineer kernel: [    0.615259] e820: reserve RAM buffer [mem 0x5c303000-0x5fffffff]
Aug 29 21:49:26 lazyengineer kernel: [    0.615259] e820: reserve RAM buffer [mem 0x5d801000-0x5fffffff]
Aug 29 21:49:26 lazyengineer kernel: [    0.615260] e820: reserve RAM buffer [mem 0x60252000-0x63ffffff]
Aug 29 21:49:26 lazyengineer kernel: [    0.615261] e820: reserve RAM buffer [mem 0x61a83000-0x63ffffff]
Aug 29 21:49:26 lazyengineer kernel: [    0.615261] e820: reserve RAM buffer [mem 0x67f00000-0x67ffffff]
Aug 29 21:49:26 lazyengineer kernel: [    0.615262] e820: reserve RAM buffer [mem 0x28bc00000-0x28bffffff]
Aug 29 21:49:26 lazyengineer kernel: [    0.615265] clocksource: Switched to clocksource tsc-early
Aug 29 21:49:26 lazyengineer kernel: [    0.619010] VFS: Disk quotas dquot_6.6.0
Aug 29 21:49:26 lazyengineer kernel: [    0.619020] VFS: Dquot-cache hash table entries: 512 (order 0, 4096 bytes)
Aug 29 21:49:26 lazyengineer kernel: [    0.619088] AppArmor: AppArmor Filesystem Enabled
Aug 29 21:49:26 lazyengineer kernel: [    0.619112] pnp: PnP ACPI init
Aug 29 21:49:26 lazyengineer kernel: [    0.620492] system 00:02: [io  0x0680-0x069f] has been reserved
Aug 29 21:49:26 lazyengineer kernel: [    0.620494] system 00:02: [io  0x164e-0x164f] has been reserved
Aug 29 21:49:26 lazyengineer kernel: [    0.620590] system 00:03: [io  0x1854-0x1857] has been reserved
Aug 29 21:49:26 lazyengineer kernel: [    0.622024] pnp 00:04: disabling [mem 0xc0000000-0xcfffffff] because it overlaps 0000:00:02.0 BAR 9 [mem 0x00000000-0xdfffffff 64bit pref]
Aug 29 21:49:26 lazyengineer kernel: [    0.622037] system 00:04: [mem 0xfedc0000-0xfedc7fff] has been reserved
Aug 29 21:49:26 lazyengineer kernel: [    0.622038] system 00:04: [mem 0xfeda0000-0xfeda0fff] has been reserved
Aug 29 21:49:26 lazyengineer kernel: [    0.622039] system 00:04: [mem 0xfeda1000-0xfeda1fff] has been reserved
Aug 29 21:49:26 lazyengineer kernel: [    0.622040] system 00:04: [mem 0xfed20000-0xfed7ffff] could not be reserved
Aug 29 21:49:26 lazyengineer kernel: [    0.622041] system 00:04: [mem 0xfed90000-0xfed93fff] could not be reserved
Aug 29 21:49:26 lazyengineer kernel: [    0.622042] system 00:04: [mem 0xfed45000-0xfed8ffff] could not be reserved
Aug 29 21:49:26 lazyengineer kernel: [    0.622043] system 00:04: [mem 0xfee00000-0xfeefffff] could not be reserved
Aug 29 21:49:26 lazyengineer kernel: [    0.624379] system 00:05: [io  0x1800-0x18fe] could not be reserved
Aug 29 21:49:26 lazyengineer kernel: [    0.624381] system 00:05: [mem 0xfe000000-0xfe01ffff] could not be reserved
Aug 29 21:49:26 lazyengineer kernel: [    0.624382] system 00:05: [mem 0xfe04c000-0xfe04ffff] has been reserved
Aug 29 21:49:26 lazyengineer kernel: [    0.624382] system 00:05: [mem 0xfe050000-0xfe0affff] has been reserved
Aug 29 21:49:26 lazyengineer kernel: [    0.624383] system 00:05: [mem 0xfe0d0000-0xfe0fffff] has been reserved
Aug 29 21:49:26 lazyengineer kernel: [    0.624384] system 00:05: [mem 0xfe200000-0xfe7fffff] has been reserved
Aug 29 21:49:26 lazyengineer kernel: [    0.624385] system 00:05: [mem 0xff000000-0xffffffff] has been reserved
Aug 29 21:49:26 lazyengineer kernel: [    0.624386] system 00:05: [mem 0xfd000000-0xfd68ffff] has been reserved
Aug 29 21:49:26 lazyengineer kernel: [    0.624387] system 00:05: [mem 0xfd6b0000-0xfd6cffff] has been reserved
Aug 29 21:49:26 lazyengineer kernel: [    0.624388] system 00:05: [mem 0xfd6f0000-0xfdffffff] has been reserved
Aug 29 21:49:26 lazyengineer kernel: [    0.624642] system 00:06: [io  0x2000-0x20fe] has been reserved
Aug 29 21:49:26 lazyengineer kernel: [    0.624980] pnp: PnP ACPI: found 8 devices
Aug 29 21:49:26 lazyengineer kernel: [    0.630146] clocksource: acpi_pm: mask: 0xffffff max_cycles: 0xffffff, max_idle_ns: 2085701024 ns
Aug 29 21:49:26 lazyengineer kernel: [    0.630182] NET: Registered PF_INET protocol family
Aug 29 21:49:26 lazyengineer kernel: [    0.630261] IP idents hash table entries: 131072 (order: 8, 1048576 bytes, linear)
Aug 29 21:49:26 lazyengineer kernel: [    0.630858] tcp_listen_portaddr_hash hash table entries: 4096 (order: 4, 65536 bytes, linear)
Aug 29 21:49:26 lazyengineer kernel: [    0.630902] TCP established hash table entries: 65536 (order: 7, 524288 bytes, linear)
Aug 29 21:49:26 lazyengineer kernel: [    0.631004] TCP bind hash table entries: 65536 (order: 8, 1048576 bytes, linear)
Aug 29 21:49:26 lazyengineer kernel: [    0.631061] TCP: Hash tables configured (established 65536 bind 65536)
Aug 29 21:49:26 lazyengineer kernel: [    0.631107] MPTCP token hash table entries: 8192 (order: 5, 196608 bytes, linear)
Aug 29 21:49:26 lazyengineer kernel: [    0.631134] UDP hash table entries: 4096 (order: 5, 131072 bytes, linear)
Aug 29 21:49:26 lazyengineer kernel: [    0.631149] UDP-Lite hash table entries: 4096 (order: 5, 131072 bytes, linear)
Aug 29 21:49:26 lazyengineer kernel: [    0.631183] NET: Registered PF_UNIX/PF_LOCAL protocol family
Aug 29 21:49:26 lazyengineer kernel: [    0.631187] NET: Registered PF_XDP protocol family
Aug 29 21:49:26 lazyengineer kernel: [    0.631191] pci_bus 0000:00: max bus depth: 1 pci_try_num: 2
Aug 29 21:49:26 lazyengineer kernel: [    0.631199] pci 0000:00:02.0: BAR 9: assigned [mem 0x4020000000-0x40ffffffff 64bit pref]
Aug 29 21:49:26 lazyengineer kernel: [    0.631202] pci 0000:00:02.0: BAR 7: assigned [mem 0x4010000000-0x4016ffffff 64bit]
Aug 29 21:49:26 lazyengineer kernel: [    0.631204] pci 0000:00:15.0: BAR 0: assigned [mem 0x4017000000-0x4017000fff 64bit]
Aug 29 21:49:26 lazyengineer kernel: [    0.631591] pci 0000:00:1f.5: BAR 0: assigned [mem 0x74500000-0x74500fff]
Aug 29 21:49:26 lazyengineer kernel: [    0.631607] pci 0000:00:06.0: PCI bridge to [bus 01]
Aug 29 21:49:26 lazyengineer kernel: [    0.631616] pci 0000:00:06.0:   bridge window [mem 0x74400000-0x744fffff]
Aug 29 21:49:26 lazyengineer kernel: [    0.631625] pci_bus 0000:00: resource 4 [io  0x0000-0x0cf7 window]
Aug 29 21:49:26 lazyengineer kernel: [    0.631626] pci_bus 0000:00: resource 5 [io  0x0d00-0xffff window]
Aug 29 21:49:26 lazyengineer kernel: [    0.631627] pci_bus 0000:00: resource 6 [mem 0x000a0000-0x000bffff window]
Aug 29 21:49:26 lazyengineer kernel: [    0.631627] pci_bus 0000:00: resource 7 [mem 0x000e0000-0x000fffff window]
Aug 29 21:49:26 lazyengineer kernel: [    0.631628] pci_bus 0000:00: resource 8 [mem 0x74400000-0xbfffffff window]
Aug 29 21:49:26 lazyengineer kernel: [    0.631629] pci_bus 0000:00: resource 9 [mem 0x4000000000-0x7fffffffff window]
Aug 29 21:49:26 lazyengineer kernel: [    0.631630] pci_bus 0000:01: resource 1 [mem 0x74400000-0x744fffff]
Aug 29 21:49:26 lazyengineer kernel: [    0.632521] PCI: CLS 64 bytes, default 64
Aug 29 21:49:26 lazyengineer kernel: [    0.632544] PCI-DMA: Using software bounce buffering for IO (SWIOTLB)
Aug 29 21:49:26 lazyengineer kernel: [    0.632545] software IO TLB: mapped [mem 0x0000000057e82000-0x000000005be82000] (64MB)
Aug 29 21:49:26 lazyengineer kernel: [    0.632582] Trying to unpack rootfs image as initramfs...
Aug 29 21:49:26 lazyengineer kernel: [    0.632591] resource sanity check: requesting [mem 0xfedc0000-0xfedcdfff], which spans more than pnp 00:04 [mem 0xfedc0000-0xfedc7fff]
Aug 29 21:49:26 lazyengineer kernel: [    0.632593] caller tgl_uncore_imc_freerunning_init_box+0xba/0x100 mapping multiple BARs
Aug 29 21:49:26 lazyengineer kernel: [    0.641106] clocksource: tsc: mask: 0xffffffffffffffff max_cycles: 0x22df1149949, max_idle_ns: 440795312789 ns
Aug 29 21:49:26 lazyengineer kernel: [    0.641130] clocksource: Switched to clocksource tsc
Aug 29 21:49:26 lazyengineer kernel: [    0.641154] platform rtc_cmos: registered platform RTC device (no PNP device found)
Aug 29 21:49:26 lazyengineer kernel: [    0.641507] Initialise system trusted keyrings
Aug 29 21:49:26 lazyengineer kernel: [    0.641519] Key type blacklist registered
Aug 29 21:49:26 lazyengineer kernel: [    0.641555] workingset: timestamp_bits=36 max_order=21 bucket_order=0
Aug 29 21:49:26 lazyengineer kernel: [    0.642233] zbud: loaded
Aug 29 21:49:26 lazyengineer kernel: [    0.642394] squashfs: version 4.0 (2009/01/31) Phillip Lougher
Aug 29 21:49:26 lazyengineer kernel: [    0.642483] fuse: init (API version 7.34)
Aug 29 21:49:26 lazyengineer kernel: [    0.642601] integrity: Platform Keyring initialized
Aug 29 21:49:26 lazyengineer kernel: [    0.649951] Key type asymmetric registered
Aug 29 21:49:26 lazyengineer kernel: [    0.649954] Asymmetric key parser 'x509' registered
Aug 29 21:49:26 lazyengineer kernel: [    0.649966] Block layer SCSI generic (bsg) driver version 0.4 loaded (major 243)
Aug 29 21:49:26 lazyengineer kernel: [    0.649992] io scheduler mq-deadline registered
Aug 29 21:49:26 lazyengineer kernel: [    0.650417] pcieport 0000:00:06.0: PME: Signaling with IRQ 122
Aug 29 21:49:26 lazyengineer kernel: [    0.650502] shpchp: Standard Hot Plug PCI Controller Driver version: 0.4
Aug 29 21:49:26 lazyengineer kernel: [    0.650722] Monitor-Mwait will be used to enter C-1 state
Aug 29 21:49:26 lazyengineer kernel: [    0.650725] Monitor-Mwait will be used to enter C-2 state
Aug 29 21:49:26 lazyengineer kernel: [    0.650726] Monitor-Mwait will be used to enter C-3 state
Aug 29 21:49:26 lazyengineer kernel: [    0.650728] ACPI: \_SB_.PR00: Found 3 idle states
Aug 29 21:49:26 lazyengineer kernel: [    0.652199] ACPI: AC: AC Adapter [ADP1] (off-line)
Aug 29 21:49:26 lazyengineer kernel: [    0.652246] input: Lid Switch as /devices/LNXSYSTM:00/LNXSYBUS:00/PNP0A08:00/device:09/PNP0C09:00/PNP0C0D:00/input/input0
Aug 29 21:49:26 lazyengineer kernel: [    0.652269] ACPI: button: Lid Switch [LID0]
Aug 29 21:49:26 lazyengineer kernel: [    0.652299] input: Sleep Button as /devices/LNXSYSTM:00/LNXSYBUS:00/PNP0C0E:00/input/input1
Aug 29 21:49:26 lazyengineer kernel: [    0.652311] ACPI: button: Sleep Button [SLPB]
Aug 29 21:49:26 lazyengineer kernel: [    0.652329] input: Power Button as /devices/LNXSYSTM:00/LNXSYBUS:00/PNP0C0C:00/input/input2
Aug 29 21:49:26 lazyengineer kernel: [    0.652343] ACPI: button: Power Button [PWRB]
Aug 29 21:49:26 lazyengineer kernel: [    0.652489] smpboot: Estimated ratio of average max frequency by base frequency (times 1024): 1621
Aug 29 21:49:26 lazyengineer kernel: [    0.656201] thermal LNXTHERM:00: registered as thermal_zone0
Aug 29 21:49:26 lazyengineer kernel: [    0.656203] ACPI: thermal: Thermal Zone [THRM] (40 C)
Aug 29 21:49:26 lazyengineer kernel: [    0.656353] Serial: 8250/16550 driver, 32 ports, IRQ sharing enabled
Aug 29 21:49:26 lazyengineer kernel: [    0.657395] hpet_acpi_add: no address or irqs in _CRS
Aug 29 21:49:26 lazyengineer kernel: [    0.657431] Linux agpgart interface v0.103
Aug 29 21:49:26 lazyengineer kernel: [    0.665524] loop: module loaded
Aug 29 21:49:26 lazyengineer kernel: [    0.665678] tun: Universal TUN/TAP device driver, 1.6
Aug 29 21:49:26 lazyengineer kernel: [    0.665694] PPP generic driver version 2.4.2
Aug 29 21:49:26 lazyengineer kernel: [    0.665717] VFIO - User Level meta-driver version: 0.3
Aug 29 21:49:26 lazyengineer kernel: [    0.665837] ehci_hcd: USB 2.0 'Enhanced' Host Controller (EHCI) Driver
Aug 29 21:49:26 lazyengineer kernel: [    0.665839] ehci-pci: EHCI PCI platform driver
Aug 29 21:49:26 lazyengineer kernel: [    0.665847] ehci-platform: EHCI generic platform driver
Aug 29 21:49:26 lazyengineer kernel: [    0.665851] ohci_hcd: USB 1.1 'Open' Host Controller (OHCI) Driver
Aug 29 21:49:26 lazyengineer kernel: [    0.665852] ohci-pci: OHCI PCI platform driver
Aug 29 21:49:26 lazyengineer kernel: [    0.665863] ohci-platform: OHCI generic platform driver
Aug 29 21:49:26 lazyengineer kernel: [    0.665866] uhci_hcd: USB Universal Host Controller Interface driver
Aug 29 21:49:26 lazyengineer kernel: [    0.665890] i8042: PNP: PS/2 Controller [PNP0303:PS2K,PNP0f13:PS2M] at 0x60,0x64 irq 1,12
Aug 29 21:49:26 lazyengineer kernel: [    0.674773] serio: i8042 KBD port at 0x60,0x64 irq 1
Aug 29 21:49:26 lazyengineer kernel: [    0.674777] serio: i8042 AUX port at 0x60,0x64 irq 12
Aug 29 21:49:26 lazyengineer kernel: [    0.674869] mousedev: PS/2 mouse device common for all mice
Aug 29 21:49:26 lazyengineer kernel: [    0.674963] rtc_cmos rtc_cmos: RTC can wake from S4
Aug 29 21:49:26 lazyengineer kernel: [    0.675977] rtc_cmos rtc_cmos: registered as rtc0
Aug 29 21:49:26 lazyengineer kernel: [    0.676379] rtc_cmos rtc_cmos: setting system clock to 2022-08-29T15:49:24 UTC (1661788164)
Aug 29 21:49:26 lazyengineer kernel: [    0.676393] rtc_cmos rtc_cmos: alarms up to one month, y3k, 114 bytes nvram
Aug 29 21:49:26 lazyengineer kernel: [    0.676419] i2c_dev: i2c /dev entries driver
Aug 29 21:49:26 lazyengineer kernel: [    0.676738] device-mapper: core: CONFIG_IMA_DISABLE_HTABLE is disabled. Duplicate IMA measurements will not be recorded in the IMA log.
Aug 29 21:49:26 lazyengineer kernel: [    0.676756] device-mapper: uevent: version 1.0.3
Aug 29 21:49:26 lazyengineer kernel: [    0.676781] device-mapper: ioctl: 4.45.0-ioctl (2021-03-22) initialised: dm-devel@redhat.com
Aug 29 21:49:26 lazyengineer kernel: [    0.676791] platform eisa.0: Probing EISA bus 0
Aug 29 21:49:26 lazyengineer kernel: [    0.676794] platform eisa.0: EISA: Cannot allocate resource for mainboard
Aug 29 21:49:26 lazyengineer kernel: [    0.676795] platform eisa.0: Cannot allocate resource for EISA slot 1
Aug 29 21:49:26 lazyengineer kernel: [    0.676796] platform eisa.0: Cannot allocate resource for EISA slot 2
Aug 29 21:49:26 lazyengineer kernel: [    0.676797] platform eisa.0: Cannot allocate resource for EISA slot 3
Aug 29 21:49:26 lazyengineer kernel: [    0.676797] platform eisa.0: Cannot allocate resource for EISA slot 4
Aug 29 21:49:26 lazyengineer kernel: [    0.676798] platform eisa.0: Cannot allocate resource for EISA slot 5
Aug 29 21:49:26 lazyengineer kernel: [    0.676799] platform eisa.0: Cannot allocate resource for EISA slot 6
Aug 29 21:49:26 lazyengineer kernel: [    0.676799] platform eisa.0: Cannot allocate resource for EISA slot 7
Aug 29 21:49:26 lazyengineer kernel: [    0.676800] platform eisa.0: Cannot allocate resource for EISA slot 8
Aug 29 21:49:26 lazyengineer kernel: [    0.676800] platform eisa.0: EISA: Detected 0 cards
Aug 29 21:49:26 lazyengineer kernel: [    0.676803] intel_pstate: Intel P-state driver initializing
Aug 29 21:49:26 lazyengineer kernel: [    0.677284] intel_pstate: HWP enabled
Aug 29 21:49:26 lazyengineer kernel: [    0.681764] ledtrig-cpu: registered to indicate activity on CPUs
Aug 29 21:49:26 lazyengineer kernel: [    0.681780] efifb: probing for efifb
Aug 29 21:49:26 lazyengineer kernel: [    0.681797] efifb: showing boot graphics
Aug 29 21:49:26 lazyengineer kernel: [    0.687571] efifb: framebuffer at 0x4000000000, using 8100k, total 8100k
Aug 29 21:49:26 lazyengineer kernel: [    0.687573] efifb: mode is 1920x1080x32, linelength=7680, pages=1
Aug 29 21:49:26 lazyengineer kernel: [    0.687574] efifb: scrolling: redraw
Aug 29 21:49:26 lazyengineer kernel: [    0.687574] efifb: Truecolor: size=8:8:8:8, shift=24:16:8:0
Aug 29 21:49:26 lazyengineer kernel: [    0.687740] Console: switching to colour frame buffer device 240x67
Aug 29 21:49:26 lazyengineer kernel: [    0.692084] fb0: EFI VGA frame buffer device
Aug 29 21:49:26 lazyengineer kernel: [    0.692100] EFI Variables Facility v0.08 2004-May-17
Aug 29 21:49:26 lazyengineer kernel: [    0.707386] intel_pmc_core INT33A1:00:  initialized
Aug 29 21:49:26 lazyengineer kernel: [    0.707503] drop_monitor: Initializing network drop monitor service
Aug 29 21:49:26 lazyengineer kernel: [    0.707622] NET: Registered PF_INET6 protocol family
Aug 29 21:49:26 lazyengineer kernel: [    0.716888] input: AT Translated Set 2 keyboard as /devices/platform/i8042/serio0/input/input3
Aug 29 21:49:26 lazyengineer kernel: [    0.743140] Freeing initrd memory: 68144K
Aug 29 21:49:26 lazyengineer kernel: [    0.747157] Segment Routing with IPv6
Aug 29 21:49:26 lazyengineer kernel: [    0.747167] In-situ OAM (IOAM) with IPv6
Aug 29 21:49:26 lazyengineer kernel: [    0.747190] NET: Registered PF_PACKET protocol family
Aug 29 21:49:26 lazyengineer kernel: [    0.747223] Key type dns_resolver registered
Aug 29 21:49:26 lazyengineer kernel: [    0.748091] microcode: sig=0x806c1, pf=0x80, revision=0xa4
Aug 29 21:49:26 lazyengineer kernel: [    0.748210] microcode: Microcode Update Driver: v2.2.
Aug 29 21:49:26 lazyengineer kernel: [    0.748318] resctrl: L2 allocation detected
Aug 29 21:49:26 lazyengineer kernel: [    0.748322] IPI shorthand broadcast: enabled
Aug 29 21:49:26 lazyengineer kernel: [    0.748331] sched_clock: Marking stable (727878861, 20432527)->(773716157, -25404769)
Aug 29 21:49:26 lazyengineer kernel: [    0.748477] registered taskstats version 1
Aug 29 21:49:26 lazyengineer kernel: [    0.748537] Loading compiled-in X.509 certificates
Aug 29 21:49:26 lazyengineer kernel: [    0.749034] Loaded X.509 cert 'Build time autogenerated kernel key: 67f043a6d095574a50c1a9a6061c81513d6936d2'
Aug 29 21:49:26 lazyengineer kernel: [    0.749444] Loaded X.509 cert 'Canonical Ltd. Live Patch Signing: 14df34d1a87cf37625abec039ef2bf521249b969'
Aug 29 21:49:26 lazyengineer kernel: [    0.749849] Loaded X.509 cert 'Canonical Ltd. Kernel Module Signing: 88f752e560a1e0737e31163a466ad7b70a850c19'
Aug 29 21:49:26 lazyengineer kernel: [    0.749851] blacklist: Loading compiled-in revocation X.509 certificates
Aug 29 21:49:26 lazyengineer kernel: [    0.749867] Loaded X.509 cert 'Canonical Ltd. Secure Boot Signing: 61482aa2830d0ab2ad5af10b7250da9033ddcef0'
Aug 29 21:49:26 lazyengineer kernel: [    0.750022] zswap: loaded using pool lzo/zbud
Aug 29 21:49:26 lazyengineer kernel: [    0.750299] Key type ._fscrypt registered
Aug 29 21:49:26 lazyengineer kernel: [    0.750300] Key type .fscrypt registered
Aug 29 21:49:26 lazyengineer kernel: [    0.750301] Key type fscrypt-provisioning registered
Aug 29 21:49:26 lazyengineer kernel: [    0.750452] Key type trusted registered
Aug 29 21:49:26 lazyengineer kernel: [    0.752098] Key type encrypted registered
Aug 29 21:49:26 lazyengineer kernel: [    0.752100] AppArmor: AppArmor sha1 policy hashing enabled
Aug 29 21:49:26 lazyengineer kernel: [    0.752594] integrity: Loading X.509 certificate: UEFI:db
Aug 29 21:49:26 lazyengineer kernel: [    0.752617] integrity: Loaded X.509 cert 'Microsoft Corporation UEFI CA 2011: 13adbf4309bd82709c8cd54f316ed522988a1bd4'
Aug 29 21:49:26 lazyengineer kernel: [    0.752619] integrity: Loading X.509 certificate: UEFI:db
Aug 29 21:49:26 lazyengineer kernel: [    0.752649] integrity: Loaded X.509 cert 'Microsoft Windows Production PCA 2011: a92902398e16c49778cd90f99e4f9ae17c55af53'
Aug 29 21:49:26 lazyengineer kernel: [    0.753675] integrity: Loading X.509 certificate: UEFI:MokListRT (MOKvar table)
Aug 29 21:49:26 lazyengineer kernel: [    0.753960] integrity: Loaded X.509 cert 'Canonical Ltd. Master Certificate Authority: ad91990bc22ab1f517048c23b6655a268e345a63'
Aug 29 21:49:26 lazyengineer kernel: [    0.753966] Loading compiled-in module X.509 certificates
Aug 29 21:49:26 lazyengineer kernel: [    0.754384] Loaded X.509 cert 'Build time autogenerated kernel key: 67f043a6d095574a50c1a9a6061c81513d6936d2'
Aug 29 21:49:26 lazyengineer kernel: [    0.754386] ima: Allocated hash algorithm: sha1
Aug 29 21:49:26 lazyengineer kernel: [    0.772405] ima: No architecture policies found
Aug 29 21:49:26 lazyengineer kernel: [    0.772420] evm: Initialising EVM extended attributes:
Aug 29 21:49:26 lazyengineer kernel: [    0.772421] evm: security.selinux
Aug 29 21:49:26 lazyengineer kernel: [    0.772422] evm: security.SMACK64
Aug 29 21:49:26 lazyengineer kernel: [    0.772422] evm: security.SMACK64EXEC
Aug 29 21:49:26 lazyengineer kernel: [    0.772423] evm: security.SMACK64TRANSMUTE
Aug 29 21:49:26 lazyengineer kernel: [    0.772423] evm: security.SMACK64MMAP
Aug 29 21:49:26 lazyengineer kernel: [    0.772423] evm: security.apparmor
Aug 29 21:49:26 lazyengineer kernel: [    0.772424] evm: security.ima
Aug 29 21:49:26 lazyengineer kernel: [    0.772424] evm: security.capability
Aug 29 21:49:26 lazyengineer kernel: [    0.772424] evm: HMAC attrs: 0x1
Aug 29 21:49:26 lazyengineer kernel: [    0.772708] PM:   Magic number: 2:571:842
Aug 29 21:49:26 lazyengineer kernel: [    0.772951] RAS: Correctable Errors collector initialized.
Aug 29 21:49:26 lazyengineer kernel: [    0.785246] ACPI: battery: Slot [BAT1] (battery present)
Aug 29 21:49:26 lazyengineer kernel: [    0.795067] Freeing unused decrypted memory: 2036K
Aug 29 21:49:26 lazyengineer kernel: [    0.795572] Freeing unused kernel image (initmem) memory: 3220K
Aug 29 21:49:26 lazyengineer kernel: [    0.817223] Write protecting the kernel read-only data: 30720k
Aug 29 21:49:26 lazyengineer kernel: [    0.818060] Freeing unused kernel image (text/rodata gap) memory: 2036K
Aug 29 21:49:26 lazyengineer kernel: [    0.818530] Freeing unused kernel image (rodata/data gap) memory: 1508K
Aug 29 21:49:26 lazyengineer kernel: [    0.834494] x86/mm: Checked W+X mappings: passed, no W+X pages found.
Aug 29 21:49:26 lazyengineer kernel: [    0.834498] Run /init as init process
Aug 29 21:49:26 lazyengineer kernel: [    0.834499]   with arguments:
Aug 29 21:49:26 lazyengineer kernel: [    0.834500]     /init
Aug 29 21:49:26 lazyengineer kernel: [    0.834501]     splash
Aug 29 21:49:26 lazyengineer kernel: [    0.834501]   with environment:
Aug 29 21:49:26 lazyengineer kernel: [    0.834502]     HOME=/
Aug 29 21:49:26 lazyengineer kernel: [    0.834502]     TERM=linux
Aug 29 21:49:26 lazyengineer kernel: [    0.834503]     BOOT_IMAGE=/boot/vmlinuz-5.15.0-46-generic
Aug 29 21:49:26 lazyengineer kernel: [    0.907442] intel-pmt 0000:00:0a.0: Watcher not supported
Aug 29 21:49:26 lazyengineer kernel: [    0.907448] intel-pmt 0000:00:0a.0: Crashlog not supported
Aug 29 21:49:26 lazyengineer kernel: [    0.908887] hid: raw HID events driver (C) Jiri Kosina
Aug 29 21:49:26 lazyengineer kernel: [    0.908958] xhci_hcd 0000:00:0d.0: xHCI Host Controller
Aug 29 21:49:26 lazyengineer kernel: [    0.909599] xhci_hcd 0000:00:0d.0: new USB bus registered, assigned bus number 1
Aug 29 21:49:26 lazyengineer kernel: [    0.910682] xhci_hcd 0000:00:0d.0: hcc params 0x20007fc1 hci version 0x120 quirks 0x0000000200009810
Aug 29 21:49:26 lazyengineer kernel: [    0.913216] usb usb1: New USB device found, idVendor=1d6b, idProduct=0002, bcdDevice= 5.15
Aug 29 21:49:26 lazyengineer kernel: [    0.913218] usb usb1: New USB device strings: Mfr=3, Product=2, SerialNumber=1
Aug 29 21:49:26 lazyengineer kernel: [    0.913220] usb usb1: Product: xHCI Host Controller
Aug 29 21:49:26 lazyengineer kernel: [    0.913221] usb usb1: Manufacturer: Linux 5.15.0-46-generic xhci-hcd
Aug 29 21:49:26 lazyengineer kernel: [    0.913222] usb usb1: SerialNumber: 0000:00:0d.0
Aug 29 21:49:26 lazyengineer kernel: [    0.913420] wmi_bus wmi_bus-PNP0C14:00: WQAK data block query control method not found
Aug 29 21:49:26 lazyengineer kernel: [    0.913424] wmi_bus wmi_bus-PNP0C14:00: WQAL data block query control method not found
Aug 29 21:49:26 lazyengineer kernel: [    0.917253] hub 1-0:1.0: USB hub found
Aug 29 21:49:26 lazyengineer kernel: [    0.917330] hub 1-0:1.0: 1 port detected
Aug 29 21:49:26 lazyengineer kernel: [    0.921603] xhci_hcd 0000:00:0d.0: xHCI Host Controller
Aug 29 21:49:26 lazyengineer kernel: [    0.921607] xhci_hcd 0000:00:0d.0: new USB bus registered, assigned bus number 2
Aug 29 21:49:26 lazyengineer kernel: [    0.921610] xhci_hcd 0000:00:0d.0: Host supports USB 3.1 Enhanced SuperSpeed
Aug 29 21:49:26 lazyengineer kernel: [    0.921648] usb usb2: New USB device found, idVendor=1d6b, idProduct=0003, bcdDevice= 5.15
Aug 29 21:49:26 lazyengineer kernel: [    0.921651] usb usb2: New USB device strings: Mfr=3, Product=2, SerialNumber=1
Aug 29 21:49:26 lazyengineer kernel: [    0.921654] usb usb2: Product: xHCI Host Controller
Aug 29 21:49:26 lazyengineer kernel: [    0.921656] usb usb2: Manufacturer: Linux 5.15.0-46-generic xhci-hcd
Aug 29 21:49:26 lazyengineer kernel: [    0.921658] usb usb2: SerialNumber: 0000:00:0d.0
Aug 29 21:49:26 lazyengineer kernel: [    0.922476] nvme 0000:01:00.0: platform quirk: setting simple suspend
Aug 29 21:49:26 lazyengineer kernel: [    0.922534] nvme nvme0: pci function 0000:01:00.0
Aug 29 21:49:26 lazyengineer kernel: [    0.924313] i801_smbus 0000:00:1f.4: SPD Write Disable is set
Aug 29 21:49:26 lazyengineer kernel: [    0.925325] i801_smbus 0000:00:1f.4: SMBus using PCI interrupt
Aug 29 21:49:26 lazyengineer kernel: [    0.927437] acpi PNP0C14:02: duplicate WMI GUID 05901221-D566-11D1-B2F0-00A0C9062910 (first instance was on PNP0C14:01)
Aug 29 21:49:26 lazyengineer kernel: [    0.927505] hub 2-0:1.0: USB hub found
Aug 29 21:49:26 lazyengineer kernel: [    0.927533] hub 2-0:1.0: 4 ports detected
Aug 29 21:49:26 lazyengineer kernel: [    0.929548] xhci_hcd 0000:00:14.0: xHCI Host Controller
Aug 29 21:49:26 lazyengineer kernel: [    0.929567] xhci_hcd 0000:00:14.0: new USB bus registered, assigned bus number 3
Aug 29 21:49:26 lazyengineer kernel: [    0.930620] nvme nvme0: missing or invalid SUBNQN field.
Aug 29 21:49:26 lazyengineer kernel: [    0.930643] nvme nvme0: Shutdown timeout set to 10 seconds
Aug 29 21:49:26 lazyengineer kernel: [    0.930985] xhci_hcd 0000:00:14.0: hcc params 0x20007fc1 hci version 0x120 quirks 0x0000000000009810
Aug 29 21:49:26 lazyengineer kernel: [    0.931409] usb usb3: New USB device found, idVendor=1d6b, idProduct=0002, bcdDevice= 5.15
Aug 29 21:49:26 lazyengineer kernel: [    0.931411] usb usb3: New USB device strings: Mfr=3, Product=2, SerialNumber=1
Aug 29 21:49:26 lazyengineer kernel: [    0.931413] usb usb3: Product: xHCI Host Controller
Aug 29 21:49:26 lazyengineer kernel: [    0.931414] usb usb3: Manufacturer: Linux 5.15.0-46-generic xhci-hcd
Aug 29 21:49:26 lazyengineer kernel: [    0.931416] usb usb3: SerialNumber: 0000:00:14.0
Aug 29 21:49:26 lazyengineer kernel: [    0.931787] hub 3-0:1.0: USB hub found
Aug 29 21:49:26 lazyengineer kernel: [    0.931815] hub 3-0:1.0: 12 ports detected
Aug 29 21:49:26 lazyengineer kernel: [    0.932456] nvme nvme0: 8/0/0 default/read/poll queues
Aug 29 21:49:26 lazyengineer kernel: [    0.935516] i2c i2c-0: 1/2 memory slots populated (from DMI)
Aug 29 21:49:26 lazyengineer kernel: [    0.939871]  nvme0n1: p1 p2
Aug 29 21:49:26 lazyengineer kernel: [    0.949065] intel-lpss 0000:00:15.0: enabling device (0004 -> 0006)
Aug 29 21:49:26 lazyengineer kernel: [    0.953100] xhci_hcd 0000:00:14.0: xHCI Host Controller
Aug 29 21:49:26 lazyengineer kernel: [    0.953255] xhci_hcd 0000:00:14.0: new USB bus registered, assigned bus number 4
Aug 29 21:49:26 lazyengineer kernel: [    0.953272] xhci_hcd 0000:00:14.0: Host supports USB 3.1 Enhanced SuperSpeed
Aug 29 21:49:26 lazyengineer kernel: [    0.953272] idma64 idma64.0: Found Intel integrated DMA 64-bit
Aug 29 21:49:26 lazyengineer kernel: [    0.953426] usb usb4: New USB device found, idVendor=1d6b, idProduct=0003, bcdDevice= 5.15
Aug 29 21:49:26 lazyengineer kernel: [    0.953429] usb usb4: New USB device strings: Mfr=3, Product=2, SerialNumber=1
Aug 29 21:49:26 lazyengineer kernel: [    0.953431] usb usb4: Product: xHCI Host Controller
Aug 29 21:49:26 lazyengineer kernel: [    0.953432] usb usb4: Manufacturer: Linux 5.15.0-46-generic xhci-hcd
Aug 29 21:49:26 lazyengineer kernel: [    0.953434] usb usb4: SerialNumber: 0000:00:14.0
Aug 29 21:49:26 lazyengineer kernel: [    0.954201] hub 4-0:1.0: USB hub found
Aug 29 21:49:26 lazyengineer kernel: [    0.954304] hub 4-0:1.0: 4 ports detected
Aug 29 21:49:26 lazyengineer kernel: [    1.060440] input: PNP0C50:00 04F3:30AA Mouse as /devices/pci0000:00/0000:00:15.0/i2c_designware.0/i2c-1/i2c-PNP0C50:00/0018:04F3:30AA.0001/input/input6
Aug 29 21:49:26 lazyengineer kernel: [    1.060490] input: PNP0C50:00 04F3:30AA Touchpad as /devices/pci0000:00/0000:00:15.0/i2c_designware.0/i2c-1/i2c-PNP0C50:00/0018:04F3:30AA.0001/input/input8
Aug 29 21:49:26 lazyengineer kernel: [    1.060530] hid-generic 0018:04F3:30AA.0001: input,hidraw0: I2C HID v1.00 Mouse [PNP0C50:00 04F3:30AA] on i2c-PNP0C50:00
Aug 29 21:49:26 lazyengineer kernel: [    1.277051] usb 3-1: new full-speed USB device number 2 using xhci_hcd
Aug 29 21:49:26 lazyengineer kernel: [    1.322119] EXT4-fs (nvme0n1p2): mounted filesystem with ordered data mode. Opts: (null). Quota mode: none.
Aug 29 21:49:26 lazyengineer kernel: [    1.430424] usb 3-1: New USB device found, idVendor=046d, idProduct=c542, bcdDevice= 3.02
Aug 29 21:49:26 lazyengineer kernel: [    1.430430] usb 3-1: New USB device strings: Mfr=1, Product=2, SerialNumber=0
Aug 29 21:49:26 lazyengineer kernel: [    1.430434] usb 3-1: Product: Wireless Receiver
Aug 29 21:49:26 lazyengineer kernel: [    1.430436] usb 3-1: Manufacturer: Logitech
Aug 29 21:49:26 lazyengineer kernel: [    1.495263] psmouse serio1: elantech: assuming hardware version 4 (with firmware version 0x4d5f01)
Aug 29 21:49:26 lazyengineer kernel: [    1.507937] psmouse serio1: elantech: Synaptics capabilities query result 0x11, 0x15, 0x0d.
Aug 29 21:49:26 lazyengineer kernel: [    1.545524] psmouse serio1: elantech: Elan sample query result 03, c0, 76
Aug 29 21:49:26 lazyengineer kernel: [    1.557030] usb 3-5: new high-speed USB device number 3 using xhci_hcd
Aug 29 21:49:26 lazyengineer kernel: [    1.637059] input: ETPS/2 Elantech Touchpad as /devices/platform/i8042/serio1/input/input5
Aug 29 21:49:26 lazyengineer kernel: [    1.697627] EXT4-fs (nvme0n1p2): re-mounted. Opts: errors=remount-ro. Quota mode: none.
Aug 29 21:49:26 lazyengineer kernel: [    1.702188] bpfilter: Loaded bpfilter_umh pid 318
Aug 29 21:49:26 lazyengineer kernel: [    1.704339] lp: driver loaded but no devices found
Aug 29 21:49:26 lazyengineer kernel: [    1.705185] Adding 2097148k swap on /swapfile.  Priority:-2 extents:6 across:2260988k SSFS
Aug 29 21:49:26 lazyengineer kernel: [    1.708011] ppdev: user-space parallel port driver
Aug 29 21:49:26 lazyengineer kernel: [    1.709444] usb 3-5: New USB device found, idVendor=0bda, idProduct=0129, bcdDevice=39.60
Aug 29 21:49:26 lazyengineer kernel: [    1.709449] usb 3-5: New USB device strings: Mfr=1, Product=2, SerialNumber=3
Aug 29 21:49:26 lazyengineer kernel: [    1.709451] usb 3-5: Product: USB2.0-CRW
Aug 29 21:49:26 lazyengineer kernel: [    1.709453] usb 3-5: Manufacturer: Generic
Aug 29 21:49:26 lazyengineer kernel: [    1.709454] usb 3-5: SerialNumber: 20100201396000000
Aug 29 21:49:26 lazyengineer kernel: [    1.723756] IPMI message handler: version 39.2
Aug 29 21:49:26 lazyengineer kernel: [    1.725152] ipmi device interface
Aug 29 21:49:26 lazyengineer kernel: [    1.747775] loop0: detected capacity change from 0 to 8
Aug 29 21:49:26 lazyengineer kernel: [    1.761175] loop1: detected capacity change from 0 to 147920
Aug 29 21:49:26 lazyengineer kernel: [    1.761219] loop2: detected capacity change from 0 to 5192
Aug 29 21:49:26 lazyengineer kernel: [    1.761384] loop3: detected capacity change from 0 to 126896
Aug 29 21:49:26 lazyengineer kernel: [    1.789266] loop4: detected capacity change from 0 to 113736
Aug 29 21:49:26 lazyengineer kernel: [    1.793144] loop5: detected capacity change from 0 to 113792
Aug 29 21:49:26 lazyengineer kernel: [    1.793233] loop6: detected capacity change from 0 to 448512
Aug 29 21:49:26 lazyengineer kernel: [    1.809359] loop7: detected capacity change from 0 to 523400
Aug 29 21:49:26 lazyengineer kernel: [    1.823783] loop10: detected capacity change from 0 to 96160
Aug 29 21:49:26 lazyengineer kernel: [    1.825902] loop8: detected capacity change from 0 to 337424
Aug 29 21:49:26 lazyengineer kernel: [    1.826209] loop9: detected capacity change from 0 to 96176
Aug 29 21:49:26 lazyengineer kernel: [    1.826652] loop11: detected capacity change from 0 to 166424
Aug 29 21:49:26 lazyengineer kernel: [    1.826749] loop12: detected capacity change from 0 to 111080
Aug 29 21:49:26 lazyengineer kernel: [    1.826802] loop18: detected capacity change from 0 to 126888
Aug 29 21:49:26 lazyengineer kernel: [    1.826805] loop15: detected capacity change from 0 to 101960
Aug 29 21:49:26 lazyengineer kernel: [    1.827743] loop17: detected capacity change from 0 to 187776
Aug 29 21:49:26 lazyengineer kernel: [    1.827834] loop13: detected capacity change from 0 to 820832
Aug 29 21:49:26 lazyengineer kernel: [    1.836729] loop14: detected capacity change from 0 to 709216
Aug 29 21:49:26 lazyengineer kernel: [    1.837030] usb 3-8: new high-speed USB device number 4 using xhci_hcd
Aug 29 21:49:26 lazyengineer kernel: [    1.841673] loop16: detected capacity change from 0 to 5208
Aug 29 21:49:26 lazyengineer kernel: [    1.903250] soc_button_array ACPI0011:00: Unknown button index 0 upage 01 usage c6, ignoring
Aug 29 21:49:26 lazyengineer kernel: [    1.911180] input: Intel HID events as /devices/platform/INTC1051:00/input/input9
Aug 29 21:49:26 lazyengineer kernel: [    1.915809] intel-hid INTC1051:00: platform supports 5 button array
Aug 29 21:49:26 lazyengineer kernel: [    1.923155] input: Intel HID 5 button array as /devices/platform/INTC1051:00/input/input10
Aug 29 21:49:26 lazyengineer kernel: [    2.000480] usb 3-8: New USB device found, idVendor=5986, idProduct=211c, bcdDevice= 3.11
Aug 29 21:49:26 lazyengineer kernel: [    2.000484] usb 3-8: New USB device strings: Mfr=1, Product=2, SerialNumber=0
Aug 29 21:49:26 lazyengineer kernel: [    2.000485] usb 3-8: Product: HD Webcam
Aug 29 21:49:26 lazyengineer kernel: [    2.000486] usb 3-8: Manufacturer: SunplusIT Inc
Aug 29 21:49:26 lazyengineer kernel: [    2.005200] EDAC igen6: v2.5
Aug 29 21:49:26 lazyengineer kernel: [    2.023071] mei_me 0000:00:16.0: enabling device (0000 -> 0002)
Aug 29 21:49:26 lazyengineer kernel: [    2.024670] cfg80211: Loading compiled-in X.509 certificates for regulatory database
Aug 29 21:49:26 lazyengineer kernel: [    2.025246] cfg80211: Loaded X.509 cert 'sforshee: 00b28ddf47aef9cea7'
Aug 29 21:49:26 lazyengineer kernel: [    2.027756] pstore: Using crash dump compression: deflate
Aug 29 21:49:26 lazyengineer kernel: [    2.027761] pstore: Registered efi as persistent store backend
Aug 29 21:49:26 lazyengineer kernel: [    2.035591] input: MSI WMI hotkeys as /devices/virtual/input/input11
Aug 29 21:49:26 lazyengineer kernel: [    2.063957] Intel(R) Wireless WiFi driver for Linux
Aug 29 21:49:26 lazyengineer kernel: [    2.064093] iwlwifi 0000:00:14.3: enabling device (0000 -> 0002)
Aug 29 21:49:26 lazyengineer kernel: [    2.068416] cryptd: max_cpu_qlen set to 1000
Aug 29 21:49:26 lazyengineer kernel: [    2.074950] proc_thermal 0000:00:04.0: enabling device (0000 -> 0002)
Aug 29 21:49:26 lazyengineer kernel: [    2.078312] iwlwifi 0000:00:14.3: api flags index 2 larger than supported by driver
Aug 29 21:49:26 lazyengineer kernel: [    2.078328] iwlwifi 0000:00:14.3: TLV_FW_FSEQ_VERSION: FSEQ Version: 89.3.35.37
Aug 29 21:49:26 lazyengineer kernel: [    2.078583] iwlwifi 0000:00:14.3: loaded firmware version 66.f1c864e0.0 QuZ-a0-hr-b0-66.ucode op_mode iwlmvm
Aug 29 21:49:26 lazyengineer kernel: [    2.080983] intel_rapl_common: Found RAPL domain package
Aug 29 21:49:26 lazyengineer kernel: [    2.085509] AVX2 version of gcm_enc/dec engaged.
Aug 29 21:49:26 lazyengineer kernel: [    2.085577] AES CTR mode by8 optimization enabled
Aug 29 21:49:26 lazyengineer kernel: [    2.133012] usb 3-10: new full-speed USB device number 5 using xhci_hcd
Aug 29 21:49:26 lazyengineer kernel: [    2.171581] input: PNP0C50:00 04F3:30AA Mouse as /devices/pci0000:00/0000:00:15.0/i2c_designware.0/i2c-1/i2c-PNP0C50:00/0018:04F3:30AA.0001/input/input12
Aug 29 21:49:26 lazyengineer kernel: [    2.171727] input: PNP0C50:00 04F3:30AA Touchpad as /devices/pci0000:00/0000:00:15.0/i2c_designware.0/i2c-1/i2c-PNP0C50:00/0018:04F3:30AA.0001/input/input14
Aug 29 21:49:26 lazyengineer kernel: [    2.191727] hid-multitouch 0018:04F3:30AA.0001: input,hidraw0: I2C HID v1.00 Mouse [PNP0C50:00 04F3:30AA] on i2c-PNP0C50:00
Aug 29 21:49:26 lazyengineer kernel: [    2.213498] input: gpio-keys as /devices/platform/ACPI0011:00/gpio-keys.2.auto/input/input15
Aug 29 21:49:26 lazyengineer kernel: [    2.219477] iwlwifi 0000:00:14.3: Detected Intel(R) Wi-Fi 6 AX201 160MHz, REV=0x354
Aug 29 21:49:26 lazyengineer kernel: [    2.232651] thermal thermal_zone5: failed to read out thermal zone (-61)
Aug 29 21:49:26 lazyengineer kernel: [    2.250770] checking generic (4000000000 7e9000) vs hw (6000000000 1000000)
Aug 29 21:49:26 lazyengineer kernel: [    2.250775] checking generic (4000000000 7e9000) vs hw (4000000000 10000000)
Aug 29 21:49:26 lazyengineer kernel: [    2.250776] fb0: switching to i915 from EFI VGA
Aug 29 21:49:26 lazyengineer kernel: [    2.255943] Console: switching to colour dummy device 80x25
Aug 29 21:49:26 lazyengineer kernel: [    2.256200] i915 0000:00:02.0: vgaarb: deactivate vga console
Aug 29 21:49:26 lazyengineer kernel: [    2.261104] i915 0000:00:02.0: vgaarb: changed VGA decodes: olddecodes=io+mem,decodes=io+mem:owns=io+mem
Aug 29 21:49:26 lazyengineer kernel: [    2.262981] i915 0000:00:02.0: [drm] Finished loading DMC firmware i915/tgl_dmc_ver2_12.bin (v2.12)
Aug 29 21:49:26 lazyengineer kernel: [    2.274653] intel_rapl_msr: PL4 support detected.
Aug 29 21:49:26 lazyengineer kernel: [    2.274694] intel_rapl_common: Found RAPL domain package
Aug 29 21:49:26 lazyengineer kernel: [    2.274695] intel_rapl_common: Found RAPL domain core
Aug 29 21:49:26 lazyengineer kernel: [    2.274697] intel_rapl_common: Found RAPL domain uncore
Aug 29 21:49:26 lazyengineer kernel: [    2.274699] intel_rapl_common: Found RAPL domain psys
Aug 29 21:49:26 lazyengineer kernel: [    2.276302] mei_hdcp 0000:00:16.0-b638ab7e-94e2-4ea2-a552-d1c54b627f04: bound 0000:00:02.0 (ops i915_hdcp_component_ops [i915])
Aug 29 21:49:26 lazyengineer kernel: [    2.280784] intel_tcc_cooling: Programmable TCC Offset detected
Aug 29 21:49:26 lazyengineer kernel: [    2.282940] usb 3-10: New USB device found, idVendor=8087, idProduct=0026, bcdDevice= 0.02
Aug 29 21:49:26 lazyengineer kernel: [    2.282945] usb 3-10: New USB device strings: Mfr=0, Product=0, SerialNumber=0
Aug 29 21:49:26 lazyengineer kernel: [    2.291017] snd_hda_intel 0000:00:1f.3: DSP detected with PCI class/subclass/prog-if info 0x040100
Aug 29 21:49:26 lazyengineer kernel: [    2.291171] snd_hda_intel 0000:00:1f.3: Digital mics found on Skylake+ platform, using SOF driver
Aug 29 21:49:26 lazyengineer kernel: [    2.304059] [drm] Initialized i915 1.6.0 20201103 for 0000:00:02.0 on minor 0
Aug 29 21:49:26 lazyengineer kernel: [    2.306931] ACPI: video: Video Device [GFX0] (multi-head: yes  rom: no  post: no)
Aug 29 21:49:26 lazyengineer kernel: [    2.307696] input: Video Bus as /devices/LNXSYSTM:00/LNXSYBUS:00/PNP0A08:00/LNXVIDEO:00/input/input16
Aug 29 21:49:26 lazyengineer kernel: [    2.321709] fbcon: i915drmfb (fb0) is primary device
Aug 29 21:49:26 lazyengineer kernel: [    2.332546] Console: switching to colour frame buffer device 240x67
Aug 29 21:49:26 lazyengineer kernel: [    2.335273] usbcore: registered new interface driver rtsx_usb
Aug 29 21:49:26 lazyengineer kernel: [    2.343702] iwlwifi 0000:00:14.3: Detected RF HR B5, rfid=0x10a100
Aug 29 21:49:26 lazyengineer kernel: [    2.353450] i915 0000:00:02.0: [drm] fb0: i915drmfb frame buffer device
Aug 29 21:49:26 lazyengineer kernel: [    2.398790] mc: Linux media interface: v0.10
Aug 29 21:49:26 lazyengineer kernel: [    2.403609] input: Logitech Wireless Receiver Mouse as /devices/pci0000:00/0000:00:14.0/usb3/3-1/3-1:1.0/0003:046D:C542.0002/input/input17
Aug 29 21:49:26 lazyengineer kernel: [    2.409534] hid-generic 0003:046D:C542.0002: input,hidraw1: USB HID v1.11 Mouse [Logitech Wireless Receiver] on usb-0000:00:14.0-1/input0
Aug 29 21:49:26 lazyengineer kernel: [    2.409588] usbcore: registered new interface driver usbhid
Aug 29 21:49:26 lazyengineer kernel: [    2.409590] usbhid: USB HID core driver
Aug 29 21:49:26 lazyengineer kernel: [    2.409763] iwlwifi 0000:00:14.3: base HW address: 14:85:7f:d0:ee:90
Aug 29 21:49:26 lazyengineer kernel: [    2.410919] videodev: Linux video capture interface: v2.00
Aug 29 21:49:26 lazyengineer kernel: [    2.412264] Bluetooth: Core ver 2.22
Aug 29 21:49:26 lazyengineer kernel: [    2.412282] NET: Registered PF_BLUETOOTH protocol family
Aug 29 21:49:26 lazyengineer kernel: [    2.412283] Bluetooth: HCI device and connection manager initialized
Aug 29 21:49:26 lazyengineer kernel: [    2.412287] Bluetooth: HCI socket layer initialized
Aug 29 21:49:26 lazyengineer kernel: [    2.412289] Bluetooth: L2CAP socket layer initialized
Aug 29 21:49:26 lazyengineer kernel: [    2.412297] Bluetooth: SCO socket layer initialized
Aug 29 21:49:26 lazyengineer kernel: [    2.420542] usbcore: registered new interface driver btusb
Aug 29 21:49:26 lazyengineer kernel: [    2.421054] Bluetooth: hci0: Bootloader revision 0.4 build 0 week 30 2018
Aug 29 21:49:26 lazyengineer kernel: [    2.422184] Bluetooth: hci0: Device revision is 2
Aug 29 21:49:26 lazyengineer kernel: [    2.422186] Bluetooth: hci0: Secure boot is enabled
Aug 29 21:49:26 lazyengineer kernel: [    2.422187] Bluetooth: hci0: OTP lock is enabled
Aug 29 21:49:26 lazyengineer kernel: [    2.422187] Bluetooth: hci0: API lock is enabled
Aug 29 21:49:26 lazyengineer kernel: [    2.422188] Bluetooth: hci0: Debug lock is disabled
Aug 29 21:49:26 lazyengineer kernel: [    2.422189] Bluetooth: hci0: Minimum firmware build 1 week 10 2014
Aug 29 21:49:26 lazyengineer kernel: [    2.423992] Bluetooth: hci0: Found device firmware: intel/ibt-19-0-4.sfi
Aug 29 21:49:26 lazyengineer kernel: [    2.430012] iwlwifi 0000:00:14.3 wlo1: renamed from wlan0
Aug 29 21:49:26 lazyengineer kernel: [    2.433961] sof-audio-pci-intel-tgl 0000:00:1f.3: DSP detected with PCI class/subclass/prog-if info 0x040100
Aug 29 21:49:26 lazyengineer kernel: [    2.433989] sof-audio-pci-intel-tgl 0000:00:1f.3: Digital mics found on Skylake+ platform, using SOF driver
Aug 29 21:49:26 lazyengineer kernel: [    2.434029] sof-audio-pci-intel-tgl 0000:00:1f.3: enabling device (0000 -> 0002)
Aug 29 21:49:26 lazyengineer kernel: [    2.434313] sof-audio-pci-intel-tgl 0000:00:1f.3: DSP detected with PCI class/subclass/prog-if 0x040100
Aug 29 21:49:26 lazyengineer kernel: [    2.434427] sof-audio-pci-intel-tgl 0000:00:1f.3: bound 0000:00:02.0 (ops i915_audio_component_bind_ops [i915])
Aug 29 21:49:26 lazyengineer kernel: [    2.438347] usb 3-8: Found UVC 1.00 device HD Webcam (5986:211c)
Aug 29 21:49:26 lazyengineer kernel: [    2.441262] sof-audio-pci-intel-tgl 0000:00:1f.3: use msi interrupt mode
Aug 29 21:49:26 lazyengineer kernel: [    2.456274] input: HD Webcam: HD Webcam as /devices/pci0000:00/0000:00:14.0/usb3/3-8/3-8:1.0/input/input18
Aug 29 21:49:26 lazyengineer kernel: [    2.456347] usbcore: registered new interface driver uvcvideo
Aug 29 21:49:26 lazyengineer kernel: [    2.465451] sof-audio-pci-intel-tgl 0000:00:1f.3: hda codecs found, mask 5
Aug 29 21:49:26 lazyengineer kernel: [    2.465455] sof-audio-pci-intel-tgl 0000:00:1f.3: using HDA machine driver skl_hda_dsp_generic now
Aug 29 21:49:26 lazyengineer kernel: [    2.465460] sof-audio-pci-intel-tgl 0000:00:1f.3: DMICs detected in NHLT tables: 2
Aug 29 21:49:26 lazyengineer kernel: [    2.578480] sof-audio-pci-intel-tgl 0000:00:1f.3: Firmware info: version 1:6:0-18fab
Aug 29 21:49:26 lazyengineer kernel: [    2.578483] sof-audio-pci-intel-tgl 0000:00:1f.3: Firmware: ABI 3:17:0 Kernel ABI 3:18:0
Aug 29 21:49:26 lazyengineer kernel: [    2.588535] sof-audio-pci-intel-tgl 0000:00:1f.3: Topology: ABI 3:17:0 Kernel ABI 3:18:0
Aug 29 21:49:26 lazyengineer kernel: [    2.606996] sof-audio-pci-intel-tgl 0000:00:1f.3: ASoC: Parent card not yet available, widget card binding deferred
Aug 29 21:49:26 lazyengineer kernel: [    2.633682] snd_hda_codec_realtek ehdaudio0D0: autoconfig for ALC233: line_outs=1 (0x14/0x0/0x0/0x0/0x0) type:speaker
Aug 29 21:49:26 lazyengineer kernel: [    2.633685] snd_hda_codec_realtek ehdaudio0D0:    speaker_outs=0 (0x0/0x0/0x0/0x0/0x0)
Aug 29 21:49:26 lazyengineer kernel: [    2.633686] snd_hda_codec_realtek ehdaudio0D0:    hp_outs=1 (0x21/0x0/0x0/0x0/0x0)
Aug 29 21:49:26 lazyengineer kernel: [    2.633687] snd_hda_codec_realtek ehdaudio0D0:    mono: mono_out=0x0
Aug 29 21:49:26 lazyengineer kernel: [    2.633688] snd_hda_codec_realtek ehdaudio0D0:    inputs:
Aug 29 21:49:26 lazyengineer kernel: [    2.633689] snd_hda_codec_realtek ehdaudio0D0:      Mic=0x19
Aug 29 21:49:26 lazyengineer kernel: [    2.686251] snd_hda_codec_realtek ehdaudio0D0: ASoC: sink widget AIF1TX overwritten
Aug 29 21:49:26 lazyengineer kernel: [    2.686257] snd_hda_codec_realtek ehdaudio0D0: ASoC: source widget AIF1RX overwritten
Aug 29 21:49:26 lazyengineer kernel: [    2.686355] skl_hda_dsp_generic skl_hda_dsp_generic: ASoC: sink widget hifi3 overwritten
Aug 29 21:49:26 lazyengineer kernel: [    2.686359] skl_hda_dsp_generic skl_hda_dsp_generic: ASoC: sink widget hifi2 overwritten
Aug 29 21:49:26 lazyengineer kernel: [    2.686362] skl_hda_dsp_generic skl_hda_dsp_generic: ASoC: sink widget hifi1 overwritten
Aug 29 21:49:26 lazyengineer kernel: [    2.686365] skl_hda_dsp_generic skl_hda_dsp_generic: ASoC: source widget Codec Output Pin1 overwritten
Aug 29 21:49:26 lazyengineer kernel: [    2.686367] skl_hda_dsp_generic skl_hda_dsp_generic: ASoC: sink widget Codec Input Pin1 overwritten
Aug 29 21:49:26 lazyengineer kernel: [    2.686371] skl_hda_dsp_generic skl_hda_dsp_generic: ASoC: sink widget Analog Codec Playback overwritten
Aug 29 21:49:26 lazyengineer kernel: [    2.686375] skl_hda_dsp_generic skl_hda_dsp_generic: ASoC: sink widget Digital Codec Playback overwritten
Aug 29 21:49:26 lazyengineer kernel: [    2.686378] skl_hda_dsp_generic skl_hda_dsp_generic: ASoC: sink widget Alt Analog Codec Playback overwritten
Aug 29 21:49:26 lazyengineer kernel: [    2.686382] skl_hda_dsp_generic skl_hda_dsp_generic: ASoC: source widget Analog Codec Capture overwritten
Aug 29 21:49:26 lazyengineer kernel: [    2.686386] skl_hda_dsp_generic skl_hda_dsp_generic: ASoC: source widget Digital Codec Capture overwritten
Aug 29 21:49:26 lazyengineer kernel: [    2.686390] skl_hda_dsp_generic skl_hda_dsp_generic: ASoC: source widget Alt Analog Codec Capture overwritten
Aug 29 21:49:26 lazyengineer kernel: [    2.686397] skl_hda_dsp_generic skl_hda_dsp_generic: hda_dsp_hdmi_build_controls: no PCM in topology for HDMI converter 3
Aug 29 21:49:26 lazyengineer kernel: [    2.686397] 
Aug 29 21:49:26 lazyengineer kernel: [    2.705864] input: sof-hda-dsp Mic as /devices/pci0000:00/0000:00:1f.3/skl_hda_dsp_generic/sound/card0/input19
Aug 29 21:49:26 lazyengineer kernel: [    2.705997] input: sof-hda-dsp Headphone as /devices/pci0000:00/0000:00:1f.3/skl_hda_dsp_generic/sound/card0/input20
Aug 29 21:49:26 lazyengineer kernel: [    2.706034] input: sof-hda-dsp HDMI/DP,pcm=3 as /devices/pci0000:00/0000:00:1f.3/skl_hda_dsp_generic/sound/card0/input21
Aug 29 21:49:26 lazyengineer kernel: [    2.706085] input: sof-hda-dsp HDMI/DP,pcm=4 as /devices/pci0000:00/0000:00:1f.3/skl_hda_dsp_generic/sound/card0/input22
Aug 29 21:49:26 lazyengineer kernel: [    2.706122] input: sof-hda-dsp HDMI/DP,pcm=5 as /devices/pci0000:00/0000:00:1f.3/skl_hda_dsp_generic/sound/card0/input23
Aug 29 21:49:26 lazyengineer kernel: [    2.747931] audit: type=1400 audit(1661788166.568:2): apparmor="STATUS" operation="profile_load" profile="unconfined" name="libreoffice-senddoc" pid=728 comm="apparmor_parser"
Aug 29 21:49:26 lazyengineer kernel: [    2.748761] audit: type=1400 audit(1661788166.568:3): apparmor="STATUS" operation="profile_load" profile="unconfined" name="nvidia_modprobe" pid=727 comm="apparmor_parser"
Aug 29 21:49:26 lazyengineer kernel: [    2.748778] audit: type=1400 audit(1661788166.568:4): apparmor="STATUS" operation="profile_load" profile="unconfined" name="nvidia_modprobe//kmod" pid=727 comm="apparmor_parser"
Aug 29 21:49:26 lazyengineer kernel: [    2.749079] audit: type=1400 audit(1661788166.572:5): apparmor="STATUS" operation="profile_load" profile="unconfined" name="libreoffice-oopslash" pid=726 comm="apparmor_parser"
